 CAN_IXXAT_VCI

 Timestamp is 5dc43193 (Thu Nov  7 16:00:35 2019)

 Preferred load address is 10000000

 Start         Length     Name                   Class
 0001:00000000 000009f0H .text$di                CODE
 0001:000009f0 0000bff0H .text$mn                CODE
 0001:0000c9e0 00000ca0H .text$x                 CODE
 0001:0000d680 00000582H .text$yd                CODE
 0002:00000000 00000558H .idata$5                DATA
 0002:00000558 00000004H .00cfg                  DATA
 0002:0000055c 00000004H .CRT$XCA                DATA
 0002:00000560 00000008H .CRT$XCL                DATA
 0002:00000568 00000040H .CRT$XCU                DATA
 0002:000005a8 00000004H .CRT$XCZ                DATA
 0002:000005ac 00000004H .CRT$XIA                DATA
 0002:000005b0 00000004H .CRT$XIC                DATA
 0002:000005b4 00000004H .CRT$XIZ                DATA
 0002:000005b8 00000004H .CRT$XLA                DATA
 0002:000005bc 00000004H .CRT$XLZ                DATA
 0002:000005c0 00000004H .CRT$XPA                DATA
 0002:000005c4 00000004H .CRT$XPZ                DATA
 0002:000005c8 00000004H .CRT$XTA                DATA
 0002:000005cc 00000004H .CRT$XTZ                DATA
 0002:000005d0 00000000H .gfids$y                DATA
 0002:000005d0 000018d0H .rdata                  DATA
 0002:00001ea0 00000018H .rdata$T                DATA
 0002:00001eb8 00000868H .rdata$r                DATA
 0002:00002720 000000dcH .rdata$sxdata           DATA
 0002:000027fc 000003c0H .rdata$zzzdbg           DATA
 0002:00002bbc 00000004H .rtc$IAA                DATA
 0002:00002bc0 00000004H .rtc$IZZ                DATA
 0002:00002bc4 00000004H .rtc$TAA                DATA
 0002:00002bc8 00000004H .rtc$TZZ                DATA
 0002:00002bcc 00000004H .tls                    DATA
 0002:00002bd0 00000004H .tls$                   DATA
 0002:00002bd4 00000004H .tls$ZZZ                DATA
 0002:00002bd8 00000ca8H .xdata$x                DATA
 0002:0000387c 00000000H ATL$__a                 DATA
 0002:0000387c 00000000H ATL$__z                 DATA
 0002:00003880 0000005cH .edata                  DATA
 0002:000038dc 00000104H .idata$2                DATA
 0002:000039e0 00000014H .idata$3                DATA
 0002:000039f4 00000558H .idata$4                DATA
 0002:00003f4c 00000d16H .idata$6                DATA
 0003:00000000 00000150H .data                   DATA
 0003:00000150 00000420H .data$r                 DATA
 0003:00000570 000092ccH .bss                    DATA
 0004:00000000 00000190H .rsrc$01                DATA
 0004:00000190 000011c8H .rsrc$02                DATA

  Address         Publics by Value              Rva+Base       Lib:Object

 0000:00000000       ___guard_iat_count         00000000     <absolute>
 0000:00000000       ___guard_longjmp_table     00000000     <absolute>
 0000:00000000       ___hybrid_code_map_count   00000000     <absolute>
 0000:00000000       ___dynamic_value_reloc_table 00000000     <absolute>
 0000:00000000       ___guard_longjmp_count     00000000     <absolute>
 0000:00000000       ___guard_fids_table        00000000     <absolute>
 0000:00000000       ___guard_fids_count        00000000     <absolute>
 0000:00000000       ___hybrid_auxiliary_iat    00000000     <absolute>
 0000:00000000       ___guard_iat_table         00000000     <absolute>
 0000:00000000       ___volatile_metadata       00000000     <absolute>
 0000:00000000       ___enclave_config          00000000     <absolute>
 0000:00000000       ___hybrid_code_map         00000000     <absolute>
 0000:0000002c       __tls_array                0000002c     <absolute>
 0000:00000037       ___safe_se_handler_count   00000037     <absolute>
 0000:00000100       ___guard_flags             00000100     <absolute>
 0000:00000000       ___ImageBase               10000000     <linker-defined>
 0001:000009f0       ?Init@CComCriticalSection@ATL@@QAEJXZ 100019f0 f i HardwareListingCAN.obj
 0001:00000a20       ?CAN_DeselectHwInterface@CDIL_CAN_IXXAT_VCI@@UAEJXZ 10001a20 f i DIL_CAN_IXXAT_VCI.obj
 0001:00000a20       ?GetApplicationRestartFlags@CWinApp@@UAEKXZ 10001a20 f i CAN_IXXAT_VCI.obj
 0001:00000a20       ?GetApplicationRecoveryParameter@CWinApp@@UAEPAXXZ 10001a20 f i CAN_IXXAT_VCI.obj
 0001:00000a20       ?_AfxInitManaged@@YAHXZ    10001a20 f i HardwareListingCAN.obj
 0001:00000a20       ___scrt_stub_for_is_c_termination_complete 10001a20 f i msvcrt:ucrt_stubs.obj
 0001:00000a20       __is_c_termination_complete 10001a20 f i msvcrt:ucrt_stubs.obj
 0001:00000a30       ?Dump@CObject@@UBEXAAVCDumpContext@@@Z 10001a30 f i HardwareListingCAN.obj
 0001:00000a30       ?Serialize@CObject@@UAEXAAVCArchive@@@Z 10001a30 f i HardwareListingCAN.obj
 0001:00000a30       ?DoDataExchange@CWnd@@MAEXPAVCDataExchange@@@Z 10001a30 f i HardwareListingCAN.obj
 0001:00000a40       ??3CObject@@SGXPAX@Z       10001a40 f i HardwareListingCAN.obj
 0001:00000a60       @_guard_check_icall_nop@4  10001a60 f i msvcrt:guard_support.obj
 0001:00000a60       ?__empty_global_delete@@YAXPAXI@Z 10001a60 f i HardwareListingCAN.obj
 0001:00000a60       ?__global_delete@@YAXPAXI@Z 10001a60 f i * CIL library *:* CIL module *
 0001:00000a60       ?AssertValid@CObject@@UBEXXZ 10001a60 f i HardwareListingCAN.obj
 0001:00000a70       ?BeginModalState@CWnd@@UAEXXZ 10001a70 f i HardwareListingCAN.obj
 0001:00000a80       ?EndModalState@CWnd@@UAEXXZ 10001a80 f i HardwareListingCAN.obj
 0001:00000a90       ?Create@CDialog@@UAEHIPAVCWnd@@@Z 10001a90 f i HardwareListingCAN.obj
 0001:00000ab0       ??_ECEdit@@UAEPAXI@Z       10001ab0 f i * CIL library *:* CIL module *
 0001:00000ab0       ??_GCEdit@@UAEPAXI@Z       10001ab0 f i HardwareListingCAN.obj
 0001:00000af0       ??_ECListCtrl@@UAEPAXI@Z   10001af0 f i * CIL library *:* CIL module *
 0001:00000af0       ??_GCListCtrl@@UAEPAXI@Z   10001af0 f i HardwareListingCAN.obj
 0001:00000b30       ??0CHANNEL_DETAILS@@QAE@XZ 10001b30 f i HardwareListingCAN.obj
 0001:00000bc0       ??1CHANNEL_DETAILS@@QAE@XZ 10001bc0 f i HardwareListingCAN.obj
 0001:00000c50       ??0CHardwareListingCAN@@QAE@PAVINTERFACE_HW@@HPAHW4ETYPE_BUS@@HPAVCWnd@@PAVSCONTROLLER_DETAILS@@PAVIChangeRegisters@@@Z 10001c50 f   HardwareListingCAN.obj
 0001:00000ea0       ??_ECHardwareListingCAN@@UAEPAXI@Z 10001ea0 f i * CIL library *:* CIL module *
 0001:00000ea0       ??_GCHardwareListingCAN@@UAEPAXI@Z 10001ea0 f i HardwareListingCAN.obj
 0001:00000ee0       ??1CHardwareListingCAN@@UAE@XZ 10001ee0 f i HardwareListingCAN.obj
 0001:00001010       ??0SCONTROLLER_DETAILS@@QAE@XZ 10002010 f i HardwareListingCAN.obj
 0001:00001270       ??1SCONTROLLER_DETAILS@@QAE@XZ 10002270 f i HardwareListingCAN.obj
 0001:000017b0       ??1?$map@HHU?$less@H@std@@V?$allocator@U?$pair@$$CBHH@std@@@2@@std@@QAE@XZ 100027b0 f i CANControllerConfigDlg.obj
 0001:000017b0       ??1?$map@HPAUtagHardwareContainer@CHardwareListingCAN@@U?$less@H@std@@V?$allocator@U?$pair@$$CBHPAUtagHardwareContainer@CHardwareListingCAN@@@std@@@4@@std@@QAE@XZ 100027b0 f i HardwareListingCAN.obj
 0001:000017d0       ?DoDataExchange@CHardwareListingCAN@@MAEXPAVCDataExchange@@@Z 100027d0 f   HardwareListingCAN.obj
 0001:000018b0       ?GetMessageMap@CHardwareListingCAN@@MBEPBUAFX_MSGMAP@@XZ 100028b0 f   HardwareListingCAN.obj
 0001:000018c0       ?PreTranslateMessage@CHardwareListingCAN@@MAEHPAUtagMSG@@@Z 100028c0 f   HardwareListingCAN.obj
 0001:000019f0       ?vCalculateConfigParams@CHardwareListingCAN@@AAEXXZ 100029f0 f   HardwareListingCAN.obj
 0001:00001db0       ?vSetHardwareList@CHardwareListingCAN@@QAEXPAVINTERFACE_HW@@H@Z 10002db0 f   HardwareListingCAN.obj
 0001:000020c0       ?OnInitDialog@CHardwareListingCAN@@MAEHXZ 100030c0 f   HardwareListingCAN.obj
 0001:00002210       ??4SCONTROLLER_DETAILS@@QAEAAV0@ABV0@@Z 10003210 f i HardwareListingCAN.obj
 0001:000026e0       ?OnItemchangedHWList@CHardwareListingCAN@@IAEXPAUtagNMHDR@@PAJ@Z 100036e0 f   HardwareListingCAN.obj
 0001:00002730       ?vUpdateHwDetails@CHardwareListingCAN@@QAEXH@Z 10003730 f   HardwareListingCAN.obj
 0001:000027f0       ?vMoveItemToSelectedList@CHardwareListingCAN@@IAEXXZ 100037f0 f   HardwareListingCAN.obj
 0001:000029d0       ?OnButtonSelect@CHardwareListingCAN@@IAEXXZ 100039d0 f   HardwareListingCAN.obj
 0001:000029e0       ?vMoveItemFromSelectedList@CHardwareListingCAN@@IAEXXZ 100039e0 f   HardwareListingCAN.obj
 0001:00002c70       ?OnButtonRemove@CHardwareListingCAN@@IAEXXZ 10003c70 f   HardwareListingCAN.obj
 0001:00002c80       ?OnOK@CHardwareListingCAN@@MAEXXZ 10003c80 f   HardwareListingCAN.obj
 0001:00002d90       ?OnCancel@CHardwareListingCAN@@MAEXXZ 10003d90 f   HardwareListingCAN.obj
 0001:00002e20       ?vEnableDisableButtons@CHardwareListingCAN@@AAEXXZ 10003e20 f   HardwareListingCAN.obj
 0001:00002f10       ?vEnableBTRParams@CHardwareListingCAN@@AAEXH@Z 10003f10 f   HardwareListingCAN.obj
 0001:00002fc0       ?OnItemchangedLstcSelectedHwList@CHardwareListingCAN@@IAEXPAUtagNMHDR@@PAJ@Z 10003fc0 f   HardwareListingCAN.obj
 0001:000030b0       ?vSetSelectedList@CHardwareListingCAN@@QAEXXZ 100040b0 f   HardwareListingCAN.obj
 0001:00003320       ?OnNMClickLstcHwList@CHardwareListingCAN@@QAEXPAUtagNMHDR@@PAJ@Z 10004320 f   HardwareListingCAN.obj
 0001:00003370       ?OnNMClickLstcSelectedHwList@CHardwareListingCAN@@QAEXPAUtagNMHDR@@PAJ@Z 10004370 f   HardwareListingCAN.obj
 0001:00003430       ?vSortHardwareItems@CHardwareListingCAN@@QAEXXZ 10004430 f   HardwareListingCAN.obj
 0001:00003760       ?OnEnKillfocusCanEditBaudRate@CHardwareListingCAN@@QAEXXZ 10004760 f   HardwareListingCAN.obj
 0001:00003840       ?vUpdateControllerDetails@CHardwareListingCAN@@AAEXXZ 10004840 f   HardwareListingCAN.obj
 0001:00003940       ?vFillControllerConfigDetails@CHardwareListingCAN@@AAEXXZ 10004940 f   HardwareListingCAN.obj
 0001:00003a80       ?OnBnClickedButtonAdvance@CHardwareListingCAN@@QAEXXZ 10004a80 f   HardwareListingCAN.obj
 0001:00003c50       ?vValidateBaudRate@CHardwareListingCAN@@AAEXXZ 10004c50 f   HardwareListingCAN.obj
 0001:00003d40       ?OnNMDblclkLstcHwList@CHardwareListingCAN@@QAEXPAUtagNMHDR@@PAJ@Z 10004d40 f   HardwareListingCAN.obj
 0001:00003d50       ?OnNMDblclkLstcSelectedHwList@CHardwareListingCAN@@QAEXPAUtagNMHDR@@PAJ@Z 10004d50 f   HardwareListingCAN.obj
 0001:00003d60       ?nFillChannelDetails@CHardwareListingCAN@@QAEHXZ 10004d60 f   HardwareListingCAN.obj
 0001:00003f20       ?InitializeControllerDetails@CHardwareListingCAN@@IAEXH@Z 10004f20 f   HardwareListingCAN.obj
 0001:00004310       ?clear@?$_Tree@V?$_Tmap_traits@HPAUtagHardwareContainer@CHardwareListingCAN@@U?$less@H@std@@V?$allocator@U?$pair@$$CBHPAUtagHardwareContainer@CHardwareListingCAN@@@std@@@4@$0A@@std@@@std@@QAEXXZ 10005310 f i HardwareListingCAN.obj
 0001:00004310       ?clear@?$_Tree@V?$_Tmap_traits@KPAVCClientBuffer@@U?$less@K@std@@V?$allocator@U?$pair@$$CBKPAVCClientBuffer@@@std@@@3@$0A@@std@@@std@@QAEXXZ 10005310 f i ClientList.obj
 0001:00004310       ?clear@?$_Tree@V?$_Tmap_traits@HHU?$less@H@std@@V?$allocator@U?$pair@$$CBHH@std@@@2@$0A@@std@@@std@@QAEXXZ 10005310 f i CANControllerConfigDlg.obj
 0001:000043a0       ??1?$basic_string@DU?$char_traits@D@std@@V?$allocator@D@2@@std@@QAE@XZ 100053a0 f i HardwareListingCAN.obj
 0001:000043a0       ??1sCiaBaud@CCANControllerConfigDlg@@QAE@XZ 100053a0 f i CANControllerConfigDlg.obj
 0001:000043f0       ??0sCiaBaud@CCANControllerConfigDlg@@QAE@XZ 100053f0 f i CANControllerConfigDlg.obj
 0001:000043f0       ??0?$basic_string@DU?$char_traits@D@std@@V?$allocator@D@2@@std@@QAE@XZ 100053f0 f i HardwareListingCAN.obj
 0001:00004410       ?_Erase@?$_Tree@V?$_Tmap_traits@HHU?$less@H@std@@V?$allocator@U?$pair@$$CBHH@std@@@2@$0A@@std@@@std@@IAEXPAU?$_Tree_node@U?$pair@$$CBHH@std@@PAX@2@@Z 10005410 f i CANControllerConfigDlg.obj
 0001:00004410       ?_Erase@?$_Tree@V?$_Tmap_traits@KPAVCClientBuffer@@U?$less@K@std@@V?$allocator@U?$pair@$$CBKPAVCClientBuffer@@@std@@@3@$0A@@std@@@std@@IAEXPAU?$_Tree_node@U?$pair@$$CBKPAVCClientBuffer@@@std@@PAX@2@@Z 10005410 f i ClientList.obj
 0001:00004410       ?_Erase@?$_Tree@V?$_Tmap_traits@HPAUtagHardwareContainer@CHardwareListingCAN@@U?$less@H@std@@V?$allocator@U?$pair@$$CBHPAUtagHardwareContainer@CHardwareListingCAN@@@std@@@4@$0A@@std@@@std@@IAEXPAU?$_Tree_node@U?$pair@$$CBHPAUtagHardwareContainer@CHardwareListingCAN@@@std@@PAX@2@@Z 10005410 f i HardwareListingCAN.obj
 0001:00004450       ?assign@?$basic_string@DU?$char_traits@D@std@@V?$allocator@D@2@@std@@QAEAAV12@QBDI@Z 10005450 f i HardwareListingCAN.obj
 0001:00004580       ?_Buyheadnode@?$_Tree_comp_alloc@V?$_Tmap_traits@KPAVCClientBuffer@@U?$less@K@std@@V?$allocator@U?$pair@$$CBKPAVCClientBuffer@@@std@@@3@$0A@@std@@@std@@QAEPAU?$_Tree_node@U?$pair@$$CBKPAVCClientBuffer@@@std@@PAX@2@XZ 10005580 f i ClientList.obj
 0001:00004580       ?_Buyheadnode@?$_Tree_comp_alloc@V?$_Tmap_traits@HHU?$less@H@std@@V?$allocator@U?$pair@$$CBHH@std@@@2@$0A@@std@@@std@@QAEPAU?$_Tree_node@U?$pair@$$CBHH@std@@PAX@2@XZ 10005580 f i CANControllerConfigDlg.obj
 0001:00004580       ?_Buyheadnode@?$_Tree_comp_alloc@V?$_Tmap_traits@HPAUtagHardwareContainer@CHardwareListingCAN@@U?$less@H@std@@V?$allocator@U?$pair@$$CBHPAUtagHardwareContainer@CHardwareListingCAN@@@std@@@4@$0A@@std@@@std@@QAEPAU?$_Tree_node@U?$pair@$$CBHPAUtagHardwareContainer@CHardwareListingCAN@@@std@@PAX@2@XZ 10005580 f i HardwareListingCAN.obj
 0001:000045a0       ?_Xlen@?$basic_string@DU?$char_traits@D@std@@V?$allocator@D@2@@std@@SAXXZ 100055a0 f i HardwareListingCAN.obj
 0001:000045b0       ??$_Buynode@U?$pair@HPAUtagHardwareContainer@CHardwareListingCAN@@@std@@@?$_Tree_comp_alloc@V?$_Tmap_traits@HPAUtagHardwareContainer@CHardwareListingCAN@@U?$less@H@std@@V?$allocator@U?$pair@$$CBHPAUtagHardwareContainer@CHardwareListingCAN@@@std@@@4@$0A@@std@@@std@@QAEPAU?$_Tree_node@U?$pair@$$CBHPAUtagHardwareContainer@CHardwareListingCAN@@@std@@PAX@1@$$QAU?$pair@HPAUtagHardwareContainer@CHardwareListingCAN@@@1@@Z 100055b0 f i HardwareListingCAN.obj
 0001:000045d0       ??$_Insert_nohint@AAU?$pair@$$CBHH@std@@PAU?$_Tree_node@U?$pair@$$CBHH@std@@PAX@2@@?$_Tree@V?$_Tmap_traits@HHU?$less@H@std@@V?$allocator@U?$pair@$$CBHH@std@@@2@$0A@@std@@@std@@IAE?AU?$pair@V?$_Tree_iterator@V?$_Tree_val@U?$_Tree_simple_types@U?$pair@$$CBHH@std@@@std@@@std@@@std@@_N@1@_NAAU?$pair@$$CBHH@1@PAU?$_Tree_node@U?$pair@$$CBHH@std@@PAX@1@@Z 100055d0 f i CANControllerConfigDlg.obj
 0001:000045d0       ??$_Insert_nohint@AAU?$pair@$$CBHPAUtagHardwareContainer@CHardwareListingCAN@@@std@@PAU?$_Tree_node@U?$pair@$$CBHPAUtagHardwareContainer@CHardwareListingCAN@@@std@@PAX@2@@?$_Tree@V?$_Tmap_traits@HPAUtagHardwareContainer@CHardwareListingCAN@@U?$less@H@std@@V?$allocator@U?$pair@$$CBHPAUtagHardwareContainer@CHardwareListingCAN@@@std@@@4@$0A@@std@@@std@@IAE?AU?$pair@V?$_Tree_iterator@V?$_Tree_val@U?$_Tree_simple_types@U?$pair@$$CBHPAUtagHardwareContainer@CHardwareListingCAN@@@std@@@std@@@std@@@std@@_N@1@_NAAU?$pair@$$CBHPAUtagHardwareContainer@CHardwareListingCAN@@@1@PAU?$_Tree_node@U?$pair@$$CBHPAUtagHardwareContainer@CHardwareListingCAN@@@std@@PAX@1@@Z 100055d0 f i HardwareListingCAN.obj
 0001:00004740       ?_Buynode0@?$_Tree_comp_alloc@V?$_Tmap_traits@HPAUtagHardwareContainer@CHardwareListingCAN@@U?$less@H@std@@V?$allocator@U?$pair@$$CBHPAUtagHardwareContainer@CHardwareListingCAN@@@std@@@4@$0A@@std@@@std@@QAEPAU?$_Tree_node@U?$pair@$$CBHPAUtagHardwareContainer@CHardwareListingCAN@@@std@@PAX@2@XZ 10005740 f i HardwareListingCAN.obj
 0001:00004740       ?_Buynode0@?$_Tree_comp_alloc@V?$_Tmap_traits@HHU?$less@H@std@@V?$allocator@U?$pair@$$CBHH@std@@@2@$0A@@std@@@std@@QAEPAU?$_Tree_node@U?$pair@$$CBHH@std@@PAX@2@XZ 10005740 f i CANControllerConfigDlg.obj
 0001:00004740       ?_Buynode0@?$_Tree_comp_alloc@V?$_Tmap_traits@KPAVCClientBuffer@@U?$less@K@std@@V?$allocator@U?$pair@$$CBKPAVCClientBuffer@@@std@@@3@$0A@@std@@@std@@QAEPAU?$_Tree_node@U?$pair@$$CBKPAVCClientBuffer@@@std@@PAX@2@XZ 10005740 f i ClientList.obj
 0001:00004760       ?_Destroy_if_node@?$_Tree@V?$_Tmap_traits@HPAUtagHardwareContainer@CHardwareListingCAN@@U?$less@H@std@@V?$allocator@U?$pair@$$CBHPAUtagHardwareContainer@CHardwareListingCAN@@@std@@@4@$0A@@std@@@std@@IAEXPAU?$_Tree_node@U?$pair@$$CBHPAUtagHardwareContainer@CHardwareListingCAN@@@std@@PAX@2@@Z 10005760 f i HardwareListingCAN.obj
 0001:00004760       ?_Destroy_if_node@?$_Tree@V?$_Tmap_traits@HHU?$less@H@std@@V?$allocator@U?$pair@$$CBHH@std@@@2@$0A@@std@@@std@@IAEXPAU?$_Tree_node@U?$pair@$$CBHH@std@@PAX@2@@Z 10005760 f i CANControllerConfigDlg.obj
 0001:00004760       ?_Destroy_if_node@?$_Tree@V?$_Tmap_traits@KPAVCClientBuffer@@U?$less@K@std@@V?$allocator@U?$pair@$$CBKPAVCClientBuffer@@@std@@@3@$0A@@std@@@std@@IAEXPAU?$_Tree_node@U?$pair@$$CBKPAVCClientBuffer@@@std@@PAX@2@@Z 10005760 f i ClientList.obj
 0001:00004780       ??$_Insert_at@AAU?$pair@$$CBHH@std@@PAU?$_Tree_node@U?$pair@$$CBHH@std@@PAX@2@@?$_Tree@V?$_Tmap_traits@HHU?$less@H@std@@V?$allocator@U?$pair@$$CBHH@std@@@2@$0A@@std@@@std@@IAE?AV?$_Tree_iterator@V?$_Tree_val@U?$_Tree_simple_types@U?$pair@$$CBHH@std@@@std@@@std@@@1@_NPAU?$_Tree_node@U?$pair@$$CBHH@std@@PAX@1@AAU?$pair@$$CBHH@1@1@Z 10005780 f i CANControllerConfigDlg.obj
 0001:00004780       ??$_Insert_at@AAU?$pair@$$CBHPAUtagHardwareContainer@CHardwareListingCAN@@@std@@PAU?$_Tree_node@U?$pair@$$CBHPAUtagHardwareContainer@CHardwareListingCAN@@@std@@PAX@2@@?$_Tree@V?$_Tmap_traits@HPAUtagHardwareContainer@CHardwareListingCAN@@U?$less@H@std@@V?$allocator@U?$pair@$$CBHPAUtagHardwareContainer@CHardwareListingCAN@@@std@@@4@$0A@@std@@@std@@IAE?AV?$_Tree_iterator@V?$_Tree_val@U?$_Tree_simple_types@U?$pair@$$CBHPAUtagHardwareContainer@CHardwareListingCAN@@@std@@@std@@@std@@@1@_NPAU?$_Tree_node@U?$pair@$$CBHPAUtagHardwareContainer@CHardwareListingCAN@@@std@@PAX@1@AAU?$pair@$$CBHPAUtagHardwareContainer@CHardwareListingCAN@@@1@1@Z 10005780 f i HardwareListingCAN.obj
 0001:000049b0       ?SupportsRestartManager@CWinApp@@UBEHXZ 100059b0 f i CAN_IXXAT_VCI.obj
 0001:000049c0       ?SupportsApplicationRecovery@CWinApp@@UBEHXZ 100059c0 f i CAN_IXXAT_VCI.obj
 0001:000049d0       ?SupportsAutosaveAtRestart@CWinApp@@UBEHXZ 100059d0 f i CAN_IXXAT_VCI.obj
 0001:000049e0       ?SupportsAutosaveAtInterval@CWinApp@@UBEHXZ 100059e0 f i CAN_IXXAT_VCI.obj
 0001:000049f0       ?ReopenPreviousFilesAtRestart@CWinApp@@UBEHXZ 100059f0 f i CAN_IXXAT_VCI.obj
 0001:00004a00       ?RestoreAutosavedFilesAtRestart@CWinApp@@UBEHXZ 10005a00 f i CAN_IXXAT_VCI.obj
 0001:00004a10       ?GetApplicationRecoveryPingInterval@CWinApp@@UAEKXZ 10005a10 f i CAN_IXXAT_VCI.obj
 0001:00004a20       ?GetMessageMap@CCAN_IXXAT_VCIApp@@MBEPBUAFX_MSGMAP@@XZ 10005a20 f   CAN_IXXAT_VCI.obj
 0001:00004a30       ??_ECCAN_IXXAT_VCIApp@@UAEPAXI@Z 10005a30 f i * CIL library *:* CIL module *
 0001:00004a30       ??_GCCAN_IXXAT_VCIApp@@UAEPAXI@Z 10005a30 f i CAN_IXXAT_VCI.obj
 0001:00004a70       ?InitInstance@CCAN_IXXAT_VCIApp@@UAEHXZ 10005a70 f   CAN_IXXAT_VCI.obj
 0001:00004bc0       ?ExitInstance@CCAN_IXXAT_VCIApp@@UAEHXZ 10005bc0 f   CAN_IXXAT_VCI.obj
 0001:00004be0       _GetIDIL_CAN_Controller    10005be0 f   CAN_IXXAT_VCI.obj
 0001:00004cb0       ??_GCComboBox@@UAEPAXI@Z   10005cb0 f i CANControllerConfigDlg.obj
 0001:00004cb0       ??_ECComboBox@@UAEPAXI@Z   10005cb0 f i * CIL library *:* CIL module *
 0001:00004cf0       ?_GetBaseClass@CCANControllerConfigDlg@@KGPAUCRuntimeClass@@XZ 10005cf0 f   CANControllerConfigDlg.obj
 0001:00004d00       ?GetRuntimeClass@CCANControllerConfigDlg@@UBEPAUCRuntimeClass@@XZ 10005d00 f   CANControllerConfigDlg.obj
 0001:00004d10       ?GetMessageMap@CCANControllerConfigDlg@@MBEPBUAFX_MSGMAP@@XZ 10005d10 f   CANControllerConfigDlg.obj
 0001:00004d20       ??0CCANControllerConfigDlg@@QAE@V?$basic_string@DU?$char_traits@D@std@@V?$allocator@D@2@@std@@HPAVCWnd@@@Z 10005d20 f   CANControllerConfigDlg.obj
 0001:00004ee0       ??_GCCANControllerConfigDlg@@UAEPAXI@Z 10005ee0 f i CANControllerConfigDlg.obj
 0001:00004ee0       ??_ECCANControllerConfigDlg@@UAEPAXI@Z 10005ee0 f i * CIL library *:* CIL module *
 0001:00005030       ?DoDataExchange@CCANControllerConfigDlg@@MAEXPAVCDataExchange@@@Z 10006030 f   CANControllerConfigDlg.obj
 0001:00005080       ?OnInitDialog@CCANControllerConfigDlg@@MAEHXZ 10006080 f   CANControllerConfigDlg.obj
 0001:000051c0       ?OnBnClickedButtonCancfgOk@CCANControllerConfigDlg@@QAEXXZ 100061c0 f   CANControllerConfigDlg.obj
 0001:000051d0       ?OnBnClickedButtonCancel@CCANControllerConfigDlg@@QAEXXZ 100061d0 f   CANControllerConfigDlg.obj
 0001:000051e0       ?FillBaudStruct@CCANControllerConfigDlg@@IAEXXZ 100061e0 f   CANControllerConfigDlg.obj
 0001:000054a0       ?OnCbnSelendokComboCiaBaudSelection@CCANControllerConfigDlg@@QAEXXZ 100064a0 f   CANControllerConfigDlg.obj
 0001:000054d0       ?UpdateBTRFields@CCANControllerConfigDlg@@IAEXH@Z 100064d0 f   CANControllerConfigDlg.obj
 0001:000055f0       ?GetListIndexFromBTRRegisters@CCANControllerConfigDlg@@IAEHXZ 100065f0 f   CANControllerConfigDlg.obj
 0001:000056a0       ?OnEnChangeEditBitreg0@CCANControllerConfigDlg@@QAEXXZ 100066a0 f   CANControllerConfigDlg.obj
 0001:000056d0       ?OnEnChangeEditBitreg1@CCANControllerConfigDlg@@QAEXXZ 100066d0 f   CANControllerConfigDlg.obj
 0001:00005700       ?UpdateComboBoxIndexFromEditFields@CCANControllerConfigDlg@@IAEXXZ 10006700 f   CANControllerConfigDlg.obj
 0001:00005800       ?InvokeAdavancedSettings@CCANControllerConfigDlg@@UAEHPAVSCONTROLLER_DETAILS@@II@Z 10006800 f   CANControllerConfigDlg.obj
 0001:00005940       ?vValidateBaudRate@CCANControllerConfigDlg@@UAENNHI@Z 10006940 f   CANControllerConfigDlg.obj
 0001:000059d0       ??0?$basic_string@DU?$char_traits@D@std@@V?$allocator@D@2@@std@@QAE@ABV01@@Z 100069d0 f i CANControllerConfigDlg.obj
 0001:00005aa0       ??$_Buynode@ABUpiecewise_construct_t@std@@V?$tuple@ABH@2@V?$tuple@$$V@2@@?$_Tree_comp_alloc@V?$_Tmap_traits@HHU?$less@H@std@@V?$allocator@U?$pair@$$CBHH@std@@@2@$0A@@std@@@std@@QAEPAU?$_Tree_node@U?$pair@$$CBHH@std@@PAX@1@ABUpiecewise_construct_t@1@$$QAV?$tuple@ABH@1@$$QAV?$tuple@$$V@1@@Z 10006aa0 f i CANControllerConfigDlg.obj
 0001:00005aa0       ??$_Buynode@ABUpiecewise_construct_t@std@@V?$tuple@ABK@2@V?$tuple@$$V@2@@?$_Tree_comp_alloc@V?$_Tmap_traits@KPAVCClientBuffer@@U?$less@K@std@@V?$allocator@U?$pair@$$CBKPAVCClientBuffer@@@std@@@3@$0A@@std@@@std@@QAEPAU?$_Tree_node@U?$pair@$$CBKPAVCClientBuffer@@@std@@PAX@1@ABUpiecewise_construct_t@1@$$QAV?$tuple@ABK@1@$$QAV?$tuple@$$V@1@@Z 10006aa0 f i ClientList.obj
 0001:00005ad0       ??$_Insert_hint@AAU?$pair@$$CBHH@std@@PAU?$_Tree_node@U?$pair@$$CBHH@std@@PAX@2@@?$_Tree@V?$_Tmap_traits@HHU?$less@H@std@@V?$allocator@U?$pair@$$CBHH@std@@@2@$0A@@std@@@std@@IAE?AV?$_Tree_iterator@V?$_Tree_val@U?$_Tree_simple_types@U?$pair@$$CBHH@std@@@std@@@std@@@1@V?$_Tree_const_iterator@V?$_Tree_val@U?$_Tree_simple_types@U?$pair@$$CBHH@std@@@std@@@std@@@1@AAU?$pair@$$CBHH@1@PAU?$_Tree_node@U?$pair@$$CBHH@std@@PAX@1@@Z 10006ad0 f i CANControllerConfigDlg.obj
 0001:00005d50       ??1?$vector@PAV?$CBaseMsgBufFSE@VSTCANDATA@@@@V?$allocator@PAV?$CBaseMsgBufFSE@VSTCANDATA@@@@@std@@@std@@QAE@XZ 10006d50 f i ClientBuffer.obj
 0001:00005db0       ??$_Emplace_reallocate@ABQAV?$CBaseMsgBufFSE@VSTCANDATA@@@@@?$vector@PAV?$CBaseMsgBufFSE@VSTCANDATA@@@@V?$allocator@PAV?$CBaseMsgBufFSE@VSTCANDATA@@@@@std@@@std@@QAEPAPAV?$CBaseMsgBufFSE@VSTCANDATA@@@@QAPAV2@ABQAV2@@Z 10006db0 f i ClientBuffer.obj
 0001:00005f10       ?_Xlength@?$vector@PAV?$CBaseMsgBufFSE@VSTCANDATA@@@@V?$allocator@PAV?$CBaseMsgBufFSE@VSTCANDATA@@@@@std@@@std@@CAXXZ 10006f10 f i ClientBuffer.obj
 0001:00005f20       ??_GCClientBuffer@@QAEPAXI@Z 10006f20 f i ClientList.obj
 0001:00005fd0       ?RegisterClient@CClientList@@QAEJAAKV?$basic_string@DU?$char_traits@D@std@@V?$allocator@D@2@@std@@@Z 10006fd0 f   ClientList.obj
 0001:000062b0       ?GetClientByID@CClientList@@QAEPAVCClientBuffer@@K@Z 100072b0 f   ClientList.obj
 0001:00006300       ??A?$map@KPAVCClientBuffer@@U?$less@K@std@@V?$allocator@U?$pair@$$CBKPAVCClientBuffer@@@std@@@3@@std@@QAEAAPAVCClientBuffer@@ABK@Z 10007300 f i ClientList.obj
 0001:00006370       ?erase@?$_Tree@V?$_Tmap_traits@KPAVCClientBuffer@@U?$less@K@std@@V?$allocator@U?$pair@$$CBKPAVCClientBuffer@@@std@@@3@$0A@@std@@@std@@QAE?AV?$_Tree_iterator@V?$_Tree_val@U?$_Tree_simple_types@U?$pair@$$CBKPAVCClientBuffer@@@std@@@std@@@std@@@2@V?$_Tree_const_iterator@V?$_Tree_val@U?$_Tree_simple_types@U?$pair@$$CBKPAVCClientBuffer@@@std@@@std@@@std@@@2@@Z 10007370 f i ClientList.obj
 0001:000063e0       ?_Extract@?$_Tree_val@U?$_Tree_simple_types@U?$pair@$$CBKPAVCClientBuffer@@@std@@@std@@@std@@QAEPAU?$_Tree_node@U?$pair@$$CBKPAVCClientBuffer@@@std@@PAX@2@V?$_Tree_const_iterator@V?$_Tree_val@U?$_Tree_simple_types@U?$pair@$$CBKPAVCClientBuffer@@@std@@@std@@@std@@@2@@Z 100073e0 f i ClientList.obj
 0001:000066a0       ?_Rrotate@?$_Tree_val@U?$_Tree_simple_types@U?$pair@$$CBKPAVCClientBuffer@@@std@@@std@@@std@@QAEXPAU?$_Tree_node@U?$pair@$$CBKPAVCClientBuffer@@@std@@PAX@2@@Z 100076a0 f i ClientList.obj
 0001:00006700       ?_Lrotate@?$_Tree_val@U?$_Tree_simple_types@U?$pair@$$CBKPAVCClientBuffer@@@std@@@std@@@std@@QAEXPAU?$_Tree_node@U?$pair@$$CBKPAVCClientBuffer@@@std@@PAX@2@@Z 10007700 f i ClientList.obj
 0001:00006760       ??$_Insert_hint@AAU?$pair@$$CBKPAVCClientBuffer@@@std@@PAU?$_Tree_node@U?$pair@$$CBKPAVCClientBuffer@@@std@@PAX@2@@?$_Tree@V?$_Tmap_traits@KPAVCClientBuffer@@U?$less@K@std@@V?$allocator@U?$pair@$$CBKPAVCClientBuffer@@@std@@@3@$0A@@std@@@std@@IAE?AV?$_Tree_iterator@V?$_Tree_val@U?$_Tree_simple_types@U?$pair@$$CBKPAVCClientBuffer@@@std@@@std@@@std@@@1@V?$_Tree_const_iterator@V?$_Tree_val@U?$_Tree_simple_types@U?$pair@$$CBKPAVCClientBuffer@@@std@@@std@@@std@@@1@AAU?$pair@$$CBKPAVCClientBuffer@@@1@PAU?$_Tree_node@U?$pair@$$CBKPAVCClientBuffer@@@std@@PAX@1@@Z 10007760 f i ClientList.obj
 0001:000069e0       ??$_Insert_at@AAU?$pair@$$CBKPAVCClientBuffer@@@std@@PAU?$_Tree_node@U?$pair@$$CBKPAVCClientBuffer@@@std@@PAX@2@@?$_Tree@V?$_Tmap_traits@KPAVCClientBuffer@@U?$less@K@std@@V?$allocator@U?$pair@$$CBKPAVCClientBuffer@@@std@@@3@$0A@@std@@@std@@IAE?AV?$_Tree_iterator@V?$_Tree_val@U?$_Tree_simple_types@U?$pair@$$CBKPAVCClientBuffer@@@std@@@std@@@std@@@1@_NPAU?$_Tree_node@U?$pair@$$CBKPAVCClientBuffer@@@std@@PAX@1@AAU?$pair@$$CBKPAVCClientBuffer@@@1@1@Z 100079e0 f i ClientList.obj
 0001:00006b80       ??$_Insert_nohint@AAU?$pair@$$CBKPAVCClientBuffer@@@std@@PAU?$_Tree_node@U?$pair@$$CBKPAVCClientBuffer@@@std@@PAX@2@@?$_Tree@V?$_Tmap_traits@KPAVCClientBuffer@@U?$less@K@std@@V?$allocator@U?$pair@$$CBKPAVCClientBuffer@@@std@@@3@$0A@@std@@@std@@IAE?AU?$pair@V?$_Tree_iterator@V?$_Tree_val@U?$_Tree_simple_types@U?$pair@$$CBKPAVCClientBuffer@@@std@@@std@@@std@@@std@@_N@1@_NAAU?$pair@$$CBKPAVCClientBuffer@@@1@PAU?$_Tree_node@U?$pair@$$CBKPAVCClientBuffer@@@std@@PAX@1@@Z 10007b80 f i ClientList.obj
 0001:00006cf0       ___local_stdio_printf_options 10007cf0 f i DIL_CAN_IXXAT_VCI.obj
 0001:00006d00       ??2CObject@@SGPAXI@Z       10007d00 f i DIL_CAN_IXXAT_VCI.obj
 0001:00006d20       ??_GCBaseDIL_CAN_Controller@@UAEPAXI@Z 10007d20 f i DIL_CAN_IXXAT_VCI.obj
 0001:00006d20       ??_ECBaseDIL_CAN_Controller@@UAEPAXI@Z 10007d20 f i * CIL library *:* CIL module *
 0001:00006d50       ??_GCDIL_CAN_IXXAT_VCI@@UAEPAXI@Z 10007d50 f i DIL_CAN_IXXAT_VCI.obj
 0001:00006d50       ??_ECDIL_CAN_IXXAT_VCI@@UAEPAXI@Z 10007d50 f i * CIL library *:* CIL module *
 0001:00006ed0       ??0INTERFACE_HW@@QAE@XZ    10007ed0 f i DIL_CAN_IXXAT_VCI.obj
 0001:00006f20       ??1INTERFACE_HW@@QAE@XZ    10007f20 f i DIL_CAN_IXXAT_VCI.obj
 0001:00007040       ?CAN_PerformInitOperations@CDIL_CAN_IXXAT_VCI@@UAEJXZ 10008040 f   DIL_CAN_IXXAT_VCI.obj
 0001:00007070       ?CAN_PerformClosureOperations@CDIL_CAN_IXXAT_VCI@@UAEJXZ 10008070 f   DIL_CAN_IXXAT_VCI.obj
 0001:000070a0       ?ListHardwareInterfaces@@YAHPAUHWND__@@PAVINTERFACE_HW@@PAHAAHPAVSCONTROLLER_DETAILS@@@Z 100080a0 f   DIL_CAN_IXXAT_VCI.obj
 0001:00007240       ?CAN_ListHwInterfaces@CDIL_CAN_IXXAT_VCI@@UAEJAAY0BA@VINTERFACE_HW@@AAHPAVSCONTROLLER_DETAILS@@@Z 10008240 f   DIL_CAN_IXXAT_VCI.obj
 0001:000074f0       ?CAN_SelectHwInterface@CDIL_CAN_IXXAT_VCI@@UAEJAAY0BA@$$CBVINTERFACE_HW@@H@Z 100084f0 f   DIL_CAN_IXXAT_VCI.obj
 0001:00007550       ?CAN_SetConfigData@CDIL_CAN_IXXAT_VCI@@UAEJPAVSCONTROLLER_DETAILS@@H@Z 10008550 f   DIL_CAN_IXXAT_VCI.obj
 0001:000075c0       ?CAN_StartHardware@CDIL_CAN_IXXAT_VCI@@UAEJXZ 100085c0 f   DIL_CAN_IXXAT_VCI.obj
 0001:00007810       ?CAN_StopHardware@CDIL_CAN_IXXAT_VCI@@UAEJXZ 10008810 f   DIL_CAN_IXXAT_VCI.obj
 0001:00007860       ?CAN_GetCurrStatus@CDIL_CAN_IXXAT_VCI@@UAEJAAVSTATUSMSG@@@Z 10008860 f   DIL_CAN_IXXAT_VCI.obj
 0001:000078e0       ?CAN_SendMsg@CDIL_CAN_IXXAT_VCI@@UAEJKABVSTCAN_MSG@@@Z 100088e0 f   DIL_CAN_IXXAT_VCI.obj
 0001:00007a10       ?CAN_GetLastErrorString@CDIL_CAN_IXXAT_VCI@@UAEJAAV?$basic_string@DU?$char_traits@D@std@@V?$allocator@D@2@@std@@@Z 10008a10 f   DIL_CAN_IXXAT_VCI.obj
 0001:00007a20       ?CAN_GetControllerParams@CDIL_CAN_IXXAT_VCI@@UAEJAAJIW4ECONTR_PARAM@@@Z 10008a20 f   DIL_CAN_IXXAT_VCI.obj
 0001:00007ac0       ?CAN_SetControllerParams@CDIL_CAN_IXXAT_VCI@@UAEJHW4ECONTR_PARAM@@@Z 10008ac0 f   DIL_CAN_IXXAT_VCI.obj
 0001:00007ad0       ?CAN_GetErrorCount@CDIL_CAN_IXXAT_VCI@@UAEJAAVSERROR_CNT@@IW4ECONTR_PARAM@@@Z 10008ad0 f   DIL_CAN_IXXAT_VCI.obj
 0001:00007b20       ?CAN_SetAppParams@CDIL_CAN_IXXAT_VCI@@UAEJPAUHWND__@@@Z 10008b20 f   DIL_CAN_IXXAT_VCI.obj
 0001:00007b70       ?CAN_RegisterClient@CDIL_CAN_IXXAT_VCI@@UAEJHAAKPAD@Z 10008b70 f   DIL_CAN_IXXAT_VCI.obj
 0001:00007c30       ?CAN_GetTimeModeMapping@CDIL_CAN_IXXAT_VCI@@UAEJAAU_SYSTEMTIME@@AA_KAAT_LARGE_INTEGER@@@Z 10008c30 f   DIL_CAN_IXXAT_VCI.obj
 0001:00007c80       ?CAN_ManageMsgBuf@CDIL_CAN_IXXAT_VCI@@UAEJEKPAV?$CBaseMsgBufFSE@VSTCANDATA@@@@@Z 10008c80 f   DIL_CAN_IXXAT_VCI.obj
 0001:00007df0       ?CAN_GetCntrlStatus@CDIL_CAN_IXXAT_VCI@@UAEJABQAXAAI@Z 10008df0 f   DIL_CAN_IXXAT_VCI.obj
 0001:00007e00       ?CAN_LoadDriverLibrary@CDIL_CAN_IXXAT_VCI@@UAEJXZ 10008e00 f   DIL_CAN_IXXAT_VCI.obj
 0001:00008300       ?CAN_UnloadDriverLibrary@CDIL_CAN_IXXAT_VCI@@UAEJXZ 10009300 f   DIL_CAN_IXXAT_VCI.obj
 0001:000083e0       ?VciDeviceInfoAddToArray@CDIL_CAN_IXXAT_VCI@@IAEHHPAU_VCIDEVICEINFO@@AAY0BA@VINTERFACE_HW@@@Z 100093e0 f   DIL_CAN_IXXAT_VCI.obj
 0001:000088d0       ??_D?$basic_ostringstream@DU?$char_traits@D@std@@V?$allocator@D@2@@std@@QAEXXZ 100098d0 f i DIL_CAN_IXXAT_VCI.obj
 0001:00008910       ?LogMessage@CDIL_CAN_IXXAT_VCI@@QAAXHPBDZZ 10009910 f   DIL_CAN_IXXAT_VCI.obj
 0001:00008960       ?CAN_SetHardwareChannel@CDIL_CAN_IXXAT_VCI@@UAEJPAVSCONTROLLER_DETAILS@@K_NI@Z 10009960 f   DIL_CAN_IXXAT_VCI.obj
 0001:00008970       ?seekpos@?$basic_stringbuf@DU?$char_traits@D@std@@V?$allocator@D@2@@std@@MAE?AV?$fpos@U_Mbstatet@@@2@V32@H@Z 10009970 f i DIL_CAN_IXXAT_VCI.obj
 0001:00008a70       ?seekoff@?$basic_stringbuf@DU?$char_traits@D@std@@V?$allocator@D@2@@std@@MAE?AV?$fpos@U_Mbstatet@@@2@_JHH@Z 10009a70 f i DIL_CAN_IXXAT_VCI.obj
 0001:00008be0       ?underflow@?$basic_stringbuf@DU?$char_traits@D@std@@V?$allocator@D@2@@std@@MAEHXZ 10009be0 f i DIL_CAN_IXXAT_VCI.obj
 0001:00008c40       ?pbackfail@?$basic_stringbuf@DU?$char_traits@D@std@@V?$allocator@D@2@@std@@MAEHH@Z 10009c40 f i DIL_CAN_IXXAT_VCI.obj
 0001:00008ca0       ?overflow@?$basic_stringbuf@DU?$char_traits@D@std@@V?$allocator@D@2@@std@@MAEHH@Z 10009ca0 f i DIL_CAN_IXXAT_VCI.obj
 0001:00008e50       ??1?$basic_stringbuf@DU?$char_traits@D@std@@V?$allocator@D@2@@std@@UAE@XZ 10009e50 f i DIL_CAN_IXXAT_VCI.obj
 0001:00008f00       ??_G?$basic_ostringstream@DU?$char_traits@D@std@@V?$allocator@D@2@@std@@UAEPAXI@Z 10009f00 f i DIL_CAN_IXXAT_VCI.obj
 0001:00008f00       ??_E?$basic_ostringstream@DU?$char_traits@D@std@@V?$allocator@D@2@@std@@UAEPAXI@Z 10009f00 f i * CIL library *:* CIL module *
 0001:00008f60       ??_G?$basic_stringbuf@DU?$char_traits@D@std@@V?$allocator@D@2@@std@@UAEPAXI@Z 10009f60 f i DIL_CAN_IXXAT_VCI.obj
 0001:00008f60       ??_E?$basic_stringbuf@DU?$char_traits@D@std@@V?$allocator@D@2@@std@@UAEPAXI@Z 10009f60 f i * CIL library *:* CIL module *
 0001:00008f90       ??1sentry@?$basic_ostream@DU?$char_traits@D@std@@@std@@QAE@XZ 10009f90 f i DIL_CAN_IXXAT_VCI.obj
 0001:00009000       ??1_Sentry_base@?$basic_ostream@DU?$char_traits@D@std@@@std@@QAE@XZ 1000a000 f i DIL_CAN_IXXAT_VCI.obj
 0001:00009050       ??$?6U?$char_traits@D@std@@@std@@YAAAV?$basic_ostream@DU?$char_traits@D@std@@@0@AAV10@PBD@Z 1000a050 f i DIL_CAN_IXXAT_VCI.obj
 0001:00009283       ??_E?$basic_ostringstream@DU?$char_traits@D@std@@V?$allocator@D@2@@std@@$4PPPPPPPM@A@AEPAXI@Z 1000a283 f i DIL_CAN_IXXAT_VCI.obj
 0001:00009290       ??0CIxxatCanChannel@@QAE@XZ 1000a290 f   IxxatCanChannel.obj
 0001:00009310       ??_ECIxxatCanChannel@@UAEPAXI@Z 1000a310 f i * CIL library *:* CIL module *
 0001:00009310       ??_GCIxxatCanChannel@@UAEPAXI@Z 1000a310 f i IxxatCanChannel.obj
 0001:00009340       ??1CIxxatCanChannel@@UAE@XZ 1000a340 f   IxxatCanChannel.obj
 0001:00009350       ?ReleaseController@CIxxatCanChannel@@QAEJXZ 1000a350 f   IxxatCanChannel.obj
 0001:000093e0       ?HandleReceivedMessage@CIxxatCanChannel@@IAEXPAU_CANMSG@@@Z 1000a3e0 f   IxxatCanChannel.obj
 0001:000095e0       ?DispatchFrameToClients@CIxxatCanChannel@@IAEXPAVSTCANDATA@@@Z 1000a5e0 f   IxxatCanChannel.obj
 0001:000096c0       ?ReceiveThread@@YAXPAX@Z   1000a6c0 f   IxxatCanChannel.obj
 0001:00009750       ___local_stdio_scanf_options 1000a750 f i MultiLanguage.obj
 0001:00009760       _sscanf                    1000a760 f i MultiLanguage.obj
 0001:00009790       ?DetectUILanguage@CMultiLanguage@@SAGXZ 1000a790 f   MultiLanguage.obj
 0001:00009a60       ?_AfxEnumResLangProc@CMultiLanguage@@KGHPAUHINSTANCE__@@PBD1GJ@Z 1000aa60 f   MultiLanguage.obj
 0001:00009a80       ?LoadLangResourceDLL@CMultiLanguage@@SAPAUHINSTANCE__@@PBDG@Z 1000aa80 f   MultiLanguage.obj
 0001:00009cb0       _UnmapGeneralVciFunctions  1000acb0 f   vcinpldynl.obj
 0001:00009d20       _UnmapDeviceManagerFunctions 1000ad20 f   vcinpldynl.obj
 0001:00009d90       _UnmapCANControllerFunctions 1000ad90 f   vcinpldynl.obj
 0001:00009e10       _MapCANMessageChannelFunctions 1000ae10 f   vcinpldynl.obj
 0001:00009fa0       _UnmapCANMessageChannelFunctions 1000afa0 f   vcinpldynl.obj
 0001:0000a040       ?nCalculateCANChannelParameters@CUtilFunctions@@SAHPAUsBTRTemp@@NGH@Z 1000b040 f   Utils:UtilFunctions.obj
 0001:0000a170       ?nCalculateCANRegValues@CUtilFunctions@@CAHPAUsBTRTemp@@GGPAIH@Z 1000b170 f   Utils:UtilFunctions.obj
 0001:0000a300       ?ConvertText@@YAPADPAD@Z   1000b300 f   Utils:MultiLanguageSupport.obj
 0001:0000a360       ??0CRadixEdit@@QAE@XZ      1000b360 f   Utils:RadixEdit.obj
 0001:0000a3c0       ??1CRadixEdit@@UAE@XZ      1000b3c0 f   Utils:RadixEdit.obj
 0001:0000a3d0       ??_ECRadixEdit@@UAEPAXI@Z  1000b3d0 f i Utils:RadixEdit.obj
 0001:0000a3d0       ??_GCRadixEdit@@UAEPAXI@Z  1000b3d0 f i Utils:RadixEdit.obj
 0001:0000a420       ?GetMessageMap@CRadixEdit@@MBEPBUAFX_MSGMAP@@XZ 1000b420 f   Utils:RadixEdit.obj
 0001:0000a430       ?OnChange@CRadixEdit@@IAEXXZ 1000b430 f   Utils:RadixEdit.obj
 0001:0000a650       ?OnChar@CRadixEdit@@IAEXIII@Z 1000b650 f   Utils:RadixEdit.obj
 0001:0000a9a0       ?vAcceptFloatingNum@CRadixEdit@@QAEX_N@Z 1000b9a0 f   Utils:RadixEdit.obj
 0001:0000a9b0       ?vSetBase@CRadixEdit@@QAEXH@Z 1000b9b0 f   Utils:RadixEdit.obj
 0001:0000aaf0       ?vSetSigned@CRadixEdit@@QAEX_N@Z 1000baf0 f   Utils:RadixEdit.obj
 0001:0000ab00       ??3@YAXPAX@Z               1000bb00 f   mfc140:mfc140.dll
 0001:0000ab06       ?GetMessageMap@CWnd@@MBEPBUAFX_MSGMAP@@XZ 1000bb06 f   mfc140:mfc140.dll
 0001:0000ab0c       ?GetOccDialogInfo@CWnd@@MAEPAU_AFX_OCC_DIALOG_INFO@@XZ 1000bb0c f   mfc140:mfc140.dll
 0001:0000ab12       ?SetOccDialogInfo@CWnd@@MAEHPAU_AFX_OCC_DIALOG_INFO@@@Z 1000bb12 f   mfc140:mfc140.dll
 0001:0000ab18       ?CreateControlSite@CWnd@@MAEHPAVCOleControlContainer@@PAPAVCOleControlSite@@IABU_GUID@@@Z 1000bb18 f   mfc140:mfc140.dll
 0001:0000ab1e       ?CreateControlContainer@CWnd@@MAEHPAPAVCOleControlContainer@@@Z 1000bb1e f   mfc140:mfc140.dll
 0001:0000ab24       ?OnFinalRelease@CWnd@@UAEXXZ 1000bb24 f   mfc140:mfc140.dll
 0001:0000ab2a       ?IsFrameWnd@CWnd@@UBEHXZ   1000bb2a f   mfc140:mfc140.dll
 0001:0000ab30       ?CheckAutoCenter@CWnd@@UAEHXZ 1000bb30 f   mfc140:mfc140.dll
 0001:0000ab36       ?ResizeDynamicLayout@CWnd@@MAEXXZ 1000bb36 f   mfc140:mfc140.dll
 0001:0000ab3c       ?OnGesturePressAndTap@CWnd@@MAEHVCPoint@@J@Z 1000bb3c f   mfc140:mfc140.dll
 0001:0000ab42       ?OnGestureTwoFingerTap@CWnd@@MAEHVCPoint@@@Z 1000bb42 f   mfc140:mfc140.dll
 0001:0000ab48       ?OnGestureRotate@CWnd@@MAEHVCPoint@@N@Z 1000bb48 f   mfc140:mfc140.dll
 0001:0000ab4e       ?OnGesturePan@CWnd@@MAEHVCPoint@@0@Z 1000bb4e f   mfc140:mfc140.dll
 0001:0000ab54       ?OnGestureZoom@CWnd@@MAEHVCPoint@@J@Z 1000bb54 f   mfc140:mfc140.dll
 0001:0000ab5a       ?GetGestureStatus@CWnd@@MAEKVCPoint@@@Z 1000bb5a f   mfc140:mfc140.dll
 0001:0000ab60       ?OnTouchInput@CWnd@@MAEHVCPoint@@HHPAUtagTOUCHINPUT@@@Z 1000bb60 f   mfc140:mfc140.dll
 0001:0000ab66       ?OnTouchInputs@CWnd@@MAEHIPAUtagTOUCHINPUT@@@Z 1000bb66 f   mfc140:mfc140.dll
 0001:0000ab6c       ?OnChildNotify@CWnd@@MAEHIIJPAJ@Z 1000bb6c f   mfc140:mfc140.dll
 0001:0000ab72       ?PostNcDestroy@CWnd@@MAEXXZ 1000bb72 f   mfc140:mfc140.dll
 0001:0000ab78       ?DefWindowProcA@CWnd@@MAEJIIJ@Z 1000bb78 f   mfc140:mfc140.dll
 0001:0000ab7e       ?OnWndMsg@CWnd@@MAEHIIJPAJ@Z 1000bb7e f   mfc140:mfc140.dll
 0001:0000ab84       ?WindowProc@CWnd@@MAEJIIJ@Z 1000bb84 f   mfc140:mfc140.dll
 0001:0000ab8a       ?OnAmbientProperty@CWnd@@UAEHPAVCOleControlSite@@JPAUtagVARIANT@@@Z 1000bb8a f   mfc140:mfc140.dll
 0001:0000ab90       ?PreTranslateMessage@CWnd@@UAEHPAUtagMSG@@@Z 1000bb90 f   mfc140:mfc140.dll
 0001:0000ab96       ?GetSuperWndProcAddr@CWnd@@MAEPAP6GJPAUHWND__@@IIJ@ZXZ 1000bb96 f   mfc140:mfc140.dll
 0001:0000ab9c       ?OnNotify@CWnd@@MAEHIJPAJ@Z 1000bb9c f   mfc140:mfc140.dll
 0001:0000aba2       ?OnCommand@CWnd@@MAEHIJ@Z  1000bba2 f   mfc140:mfc140.dll
 0001:0000aba8       ?CreateAccessibleProxy@CWnd@@UAEJIJPAJ@Z 1000bba8 f   mfc140:mfc140.dll
 0001:0000abae       ?SetProxy@CWnd@@UAEJPAUIAccessibleProxy@@@Z 1000bbae f   mfc140:mfc140.dll
 0001:0000abb4       ?put_accValue@CWnd@@UAEJUtagVARIANT@@PA_W@Z 1000bbb4 f   mfc140:mfc140.dll
 0001:0000abba       ?put_accName@CWnd@@UAEJUtagVARIANT@@PA_W@Z 1000bbba f   mfc140:mfc140.dll
 0001:0000abc0       ?accDoDefaultAction@CWnd@@UAEJUtagVARIANT@@@Z 1000bbc0 f   mfc140:mfc140.dll
 0001:0000abc6       ?accHitTest@CWnd@@UAEJJJPAUtagVARIANT@@@Z 1000bbc6 f   mfc140:mfc140.dll
 0001:0000abcc       ?accNavigate@CWnd@@UAEJJUtagVARIANT@@PAU2@@Z 1000bbcc f   mfc140:mfc140.dll
 0001:0000abd2       ?accLocation@CWnd@@UAEJPAJ000UtagVARIANT@@@Z 1000bbd2 f   mfc140:mfc140.dll
 0001:0000abd8       ?accSelect@CWnd@@UAEJJUtagVARIANT@@@Z 1000bbd8 f   mfc140:mfc140.dll
 0001:0000abde       ?get_accDefaultAction@CWnd@@UAEJUtagVARIANT@@PAPA_W@Z 1000bbde f   mfc140:mfc140.dll
 0001:0000abe4       ?get_accSelection@CWnd@@UAEJPAUtagVARIANT@@@Z 1000bbe4 f   mfc140:mfc140.dll
 0001:0000abea       ?get_accFocus@CWnd@@UAEJPAUtagVARIANT@@@Z 1000bbea f   mfc140:mfc140.dll
 0001:0000abf0       ?get_accKeyboardShortcut@CWnd@@UAEJUtagVARIANT@@PAPA_W@Z 1000bbf0 f   mfc140:mfc140.dll
 0001:0000abf6       ?get_accHelpTopic@CWnd@@UAEJPAPA_WUtagVARIANT@@PAJ@Z 1000bbf6 f   mfc140:mfc140.dll
 0001:0000abfc       ?get_accHelp@CWnd@@UAEJUtagVARIANT@@PAPA_W@Z 1000bbfc f   mfc140:mfc140.dll
 0001:0000ac02       ?get_accState@CWnd@@UAEJUtagVARIANT@@PAU2@@Z 1000bc02 f   mfc140:mfc140.dll
 0001:0000ac08       ?get_accRole@CWnd@@UAEJUtagVARIANT@@PAU2@@Z 1000bc08 f   mfc140:mfc140.dll
 0001:0000ac0e       ?get_accDescription@CWnd@@UAEJUtagVARIANT@@PAPA_W@Z 1000bc0e f   mfc140:mfc140.dll
 0001:0000ac14       ?get_accValue@CWnd@@UAEJUtagVARIANT@@PAPA_W@Z 1000bc14 f   mfc140:mfc140.dll
 0001:0000ac1a       ?get_accName@CWnd@@UAEJUtagVARIANT@@PAPA_W@Z 1000bc1a f   mfc140:mfc140.dll
 0001:0000ac20       ?get_accChild@CWnd@@UAEJUtagVARIANT@@PAPAUIDispatch@@@Z 1000bc20 f   mfc140:mfc140.dll
 0001:0000ac26       ?get_accChildCount@CWnd@@UAEJPAJ@Z 1000bc26 f   mfc140:mfc140.dll
 0001:0000ac2c       ?get_accParent@CWnd@@UAEJPAPAUIDispatch@@@Z 1000bc2c f   mfc140:mfc140.dll
 0001:0000ac32       ?EnsureStdObj@CWnd@@UAEJXZ 1000bc32 f   mfc140:mfc140.dll
 0001:0000ac38       ?GetInterfaceMap@CWnd@@MBEPBUAFX_INTERFACEMAP@@XZ 1000bc38 f   mfc140:mfc140.dll
 0001:0000ac3e       ?OnDrawIconicThumbnailOrLivePreview@CWnd@@UAEXAAVCDC@@VCRect@@VCSize@@HAAH@Z 1000bc3e f   mfc140:mfc140.dll
 0001:0000ac44       ?EndModalLoop@CWnd@@UAEXH@Z 1000bc44 f   mfc140:mfc140.dll
 0001:0000ac4a       ?ContinueModal@CWnd@@UAEHXZ 1000bc4a f   mfc140:mfc140.dll
 0001:0000ac50       ?WinHelpInternal@CWnd@@UAEXKI@Z 1000bc50 f   mfc140:mfc140.dll
 0001:0000ac56       ?HtmlHelpA@CWnd@@UAEXKI@Z  1000bc56 f   mfc140:mfc140.dll
 0001:0000ac5c       ?WinHelpA@CWnd@@UAEXKI@Z   1000bc5c f   mfc140:mfc140.dll
 0001:0000ac62       ?GetScrollBarCtrl@CWnd@@UBEPAVCScrollBar@@H@Z 1000bc62 f   mfc140:mfc140.dll
 0001:0000ac68       ?OnToolHitTest@CWnd@@UBEHVCPoint@@PAUtagTOOLINFOA@@@Z 1000bc68 f   mfc140:mfc140.dll
 0001:0000ac6e       ?SetMenu@CWnd@@UAEHPAVCMenu@@@Z 1000bc6e f   mfc140:mfc140.dll
 0001:0000ac74       ?GetMenu@CWnd@@UBEPAVCMenu@@XZ 1000bc74 f   mfc140:mfc140.dll
 0001:0000ac7a       ?GetWindowTextA@CWnd@@QBEXAAV?$CStringT@DV?$StrTraitMFC_DLL@DV?$ChTraitsCRT@D@ATL@@@@@ATL@@@Z 1000bc7a f   mfc140:mfc140.dll
 0001:0000ac80       ?CalcWindowRect@CWnd@@UAEXPAUtagRECT@@I@Z 1000bc80 f   mfc140:mfc140.dll
 0001:0000ac86       ?PreCreateWindow@CWnd@@UAEHAAUtagCREATESTRUCTA@@@Z 1000bc86 f   mfc140:mfc140.dll
 0001:0000ac8c       ?DestroyWindow@CWnd@@UAEHXZ 1000bc8c f   mfc140:mfc140.dll
 0001:0000ac92       ?CreateEx@CWnd@@UAEHKPBD0KHHHHPAUHWND__@@PAUHMENU__@@PAX@Z 1000bc92 f   mfc140:mfc140.dll
 0001:0000ac98       ?CreateEx@CWnd@@UAEHKPBD0KABUtagRECT@@PAV1@IPAX@Z 1000bc98 f   mfc140:mfc140.dll
 0001:0000ac9e       ?Create@CWnd@@UAEHPBD0KABUtagRECT@@PAV1@IPAUCCreateContext@@@Z 1000bc9e f   mfc140:mfc140.dll
 0001:0000aca4       ?PreSubclassWindow@CWnd@@UAEXXZ 1000bca4 f   mfc140:mfc140.dll
 0001:0000acaa       ?FromHandle@CWnd@@SGPAV1@PAUHWND__@@@Z 1000bcaa f   mfc140:mfc140.dll
 0001:0000acb0       ??0CWnd@@QAE@XZ            1000bcb0 f   mfc140:mfc140.dll
 0001:0000acb6       ?GetThisMessageMap@CDialog@@KGPBUAFX_MSGMAP@@XZ 1000bcb6 f   mfc140:mfc140.dll
 0001:0000acbc       ?PreInitDialog@CDialog@@MAEXXZ 1000bcbc f   mfc140:mfc140.dll
 0001:0000acc2       ?GetOccDialogInfo@CDialog@@MAEPAU_AFX_OCC_DIALOG_INFO@@XZ 1000bcc2 f   mfc140:mfc140.dll
 0001:0000acc8       ?SetOccDialogInfo@CDialog@@MAEHPAU_AFX_OCC_DIALOG_INFO@@@Z 1000bcc8 f   mfc140:mfc140.dll
 0001:0000acce       ?CheckAutoCenter@CDialog@@UAEHXZ 1000bcce f   mfc140:mfc140.dll
 0001:0000acd4       ?OnCmdMsg@CDialog@@UAEHIHPAXPAUAFX_CMDHANDLERINFO@@@Z 1000bcd4 f   mfc140:mfc140.dll
 0001:0000acda       ?OnCancel@CDialog@@MAEXXZ  1000bcda f   mfc140:mfc140.dll
 0001:0000ace0       ?OnOK@CDialog@@MAEXXZ      1000bce0 f   mfc140:mfc140.dll
 0001:0000ace6       ?OnSetFont@CDialog@@UAEXPAVCFont@@@Z 1000bce6 f   mfc140:mfc140.dll
 0001:0000acec       ?DoModal@CDialog@@UAEHXZ   1000bcec f   mfc140:mfc140.dll
 0001:0000acf2       ?CreateIndirect@CDialog@@UAEHPBUDLGTEMPLATE@@PAVCWnd@@PAX@Z 1000bcf2 f   mfc140:mfc140.dll
 0001:0000acf8       ?CreateIndirect@CDialog@@UAEHPAXPAVCWnd@@@Z 1000bcf8 f   mfc140:mfc140.dll
 0001:0000acfe       ?Create@CDialog@@UAEHPBDPAVCWnd@@@Z 1000bcfe f   mfc140:mfc140.dll
 0001:0000ad04       ?GetRuntimeClass@CDialog@@UBEPAUCRuntimeClass@@XZ 1000bd04 f   mfc140:mfc140.dll
 0001:0000ad0a       ??1CEdit@@UAE@XZ           1000bd0a f   mfc140:mfc140.dll
 0001:0000ad10       ?GetRuntimeClass@CEdit@@UBEPAUCRuntimeClass@@XZ 1000bd10 f   mfc140:mfc140.dll
 0001:0000ad16       ?GetMessageMap@CListCtrl@@MBEPBUAFX_MSGMAP@@XZ 1000bd16 f   mfc140:mfc140.dll
 0001:0000ad1c       ?OnChildNotify@CListCtrl@@MAEHIIJPAJ@Z 1000bd1c f   mfc140:mfc140.dll
 0001:0000ad22       ?DrawItem@CListCtrl@@UAEXPAUtagDRAWITEMSTRUCT@@@Z 1000bd22 f   mfc140:mfc140.dll
 0001:0000ad28       ?GetRuntimeClass@CListCtrl@@UBEPAUCRuntimeClass@@XZ 1000bd28 f   mfc140:mfc140.dll
 0001:0000ad2e       ?GetConnectionHook@CCmdTarget@@MAEPAUIConnectionPoint@@ABU_GUID@@@Z 1000bd2e f   mfc140:mfc140.dll
 0001:0000ad34       ?GetExtraConnectionPoints@CCmdTarget@@MAEHPAVCPtrArray@@@Z 1000bd34 f   mfc140:mfc140.dll
 0001:0000ad3a       ?GetInterfaceHook@CCmdTarget@@UAEPAUIUnknown@@PBX@Z 1000bd3a f   mfc140:mfc140.dll
 0001:0000ad40       ?OnCreateAggregates@CCmdTarget@@UAEHXZ 1000bd40 f   mfc140:mfc140.dll
 0001:0000ad46       ?GetEventSinkMap@CCmdTarget@@MBEPBUAFX_EVENTSINKMAP@@XZ 1000bd46 f   mfc140:mfc140.dll
 0001:0000ad4c       ?GetConnectionMap@CCmdTarget@@MBEPBUAFX_CONNECTIONMAP@@XZ 1000bd4c f   mfc140:mfc140.dll
 0001:0000ad52       ?GetDispatchMap@CCmdTarget@@MBEPBUAFX_DISPMAP@@XZ 1000bd52 f   mfc140:mfc140.dll
 0001:0000ad58       ?GetCommandMap@CCmdTarget@@MBEPBUAFX_OLECMDMAP@@XZ 1000bd58 f   mfc140:mfc140.dll
 0001:0000ad5e       ?GetTypeLib@CCmdTarget@@UAEJKPAPAUITypeLib@@@Z 1000bd5e f   mfc140:mfc140.dll
 0001:0000ad64       ?GetTypeLibCache@CCmdTarget@@UAEPAVCTypeLibCache@@XZ 1000bd64 f   mfc140:mfc140.dll
 0001:0000ad6a       ?GetTypeInfoCount@CCmdTarget@@UAEIXZ 1000bd6a f   mfc140:mfc140.dll
 0001:0000ad70       ?GetDispatchIID@CCmdTarget@@UAEHPAU_GUID@@@Z 1000bd70 f   mfc140:mfc140.dll
 0001:0000ad76       ?IsInvokeAllowed@CCmdTarget@@UAEHJ@Z 1000bd76 f   mfc140:mfc140.dll
 0001:0000ad7c       ?OnCmdMsg@CCmdTarget@@UAEHIHPAXPAUAFX_CMDHANDLERINFO@@@Z 1000bd7c f   mfc140:mfc140.dll
 0001:0000ad82       ?Delete@CWinThread@@UAEXXZ 1000bd82 f   mfc140:mfc140.dll
 0001:0000ad88       ?GetMainWnd@CWinThread@@UAEPAVCWnd@@XZ 1000bd88 f   mfc140:mfc140.dll
 0001:0000ad8e       ?ProcessMessageFilter@CWinThread@@UAEHHPAUtagMSG@@@Z 1000bd8e f   mfc140:mfc140.dll
 0001:0000ad94       ?IsIdleMessage@CWinThread@@UAEHPAUtagMSG@@@Z 1000bd94 f   mfc140:mfc140.dll
 0001:0000ad9a       ?PumpMessage@CWinThread@@UAEHXZ 1000bd9a f   mfc140:mfc140.dll
 0001:0000ada0       ?PreTranslateMessage@CWinThread@@UAEHPAUtagMSG@@@Z 1000bda0 f   mfc140:mfc140.dll
 0001:0000ada6       ?LoadSysPolicies@CWinApp@@UAEHXZ 1000bda6 f   mfc140:mfc140.dll
 0001:0000adac       ?GetThisMessageMap@CWinApp@@KGPBUAFX_MSGMAP@@XZ 1000bdac f   mfc140:mfc140.dll
 0001:0000adb2       ?LoadAppLangResourceDLL@CWinApp@@UAEPAUHINSTANCE__@@XZ 1000bdb2 f   mfc140:mfc140.dll
 0001:0000adb8       ?ProcessWndProcException@CWinApp@@UAEJPAVCException@@PBUtagMSG@@@Z 1000bdb8 f   mfc140:mfc140.dll
 0001:0000adbe       ?OnIdle@CWinApp@@UAEHJ@Z   1000bdbe f   mfc140:mfc140.dll
 0001:0000adc4       ?Run@CWinApp@@UAEHXZ       1000bdc4 f   mfc140:mfc140.dll
 0001:0000adca       ?RestartInstance@CWinApp@@UAEHXZ 1000bdca f   mfc140:mfc140.dll
 0001:0000add0       ?IsTaskbarInteractionEnabled@CWinApp@@UAEHXZ 1000bdd0 f   mfc140:mfc140.dll
 0001:0000add6       ?GetDataRecoveryHandler@CWinApp@@UAEPAVCDataRecoveryHandler@@XZ 1000bdd6 f   mfc140:mfc140.dll
 0001:0000addc       ?ApplicationRecoveryCallback@CWinApp@@UAEKPAX@Z 1000bddc f   mfc140:mfc140.dll
 0001:0000ade2       ?RegisterWithRestartManager@CWinApp@@UAEJHABV?$CStringT@DV?$StrTraitMFC_DLL@DV?$ChTraitsCRT@D@ATL@@@@@ATL@@@Z 1000bde2 f   mfc140:mfc140.dll
 0001:0000ade8       ?RegisterWithRestartManager@CWinApp@@UAEJPB_WKP6GKPAX@Z1KK@Z 1000bde8 f   mfc140:mfc140.dll
 0001:0000adee       ?WinHelpInternal@CWinApp@@UAEXKI@Z 1000bdee f   mfc140:mfc140.dll
 0001:0000adf4       ?HtmlHelpA@CWinApp@@UAEXKI@Z 1000bdf4 f   mfc140:mfc140.dll
 0001:0000adfa       ?WinHelpA@CWinApp@@UAEXKI@Z 1000bdfa f   mfc140:mfc140.dll
 0001:0000ae00       ?OnDDECommand@CWinApp@@UAEHPAD@Z 1000be00 f   mfc140:mfc140.dll
 0001:0000ae06       ?DoWaitCursor@CWinApp@@UAEXH@Z 1000be06 f   mfc140:mfc140.dll
 0001:0000ae0c       ?DoMessageBox@CWinApp@@UAEHPBDII@Z 1000be0c f   mfc140:mfc140.dll
 0001:0000ae12       ?SaveAllModified@CWinApp@@UAEHXZ 1000be12 f   mfc140:mfc140.dll
 0001:0000ae18       ?InitApplication@CWinApp@@UAEHXZ 1000be18 f   mfc140:mfc140.dll
 0001:0000ae1e       ?AddToRecentFileList@CWinApp@@UAEXPBD@Z 1000be1e f   mfc140:mfc140.dll
 0001:0000ae24       ?OpenDocumentFile@CWinApp@@UAEPAVCDocument@@PBD@Z 1000be24 f   mfc140:mfc140.dll
 0001:0000ae2a       ?OpenDocumentFile@CWinApp@@UAEPAVCDocument@@PBDH@Z 1000be2a f   mfc140:mfc140.dll
 0001:0000ae30       ?Unregister@CWinApp@@UAEHXZ 1000be30 f   mfc140:mfc140.dll
 0001:0000ae36       ?Register@CWinApp@@UAEHXZ  1000be36 f   mfc140:mfc140.dll
 0001:0000ae3c       ?InitLibId@CWinApp@@UAEXXZ 1000be3c f   mfc140:mfc140.dll
 0001:0000ae42       ?WriteProfileBinary@CWinApp@@UAEHPBD0PAEI@Z 1000be42 f   mfc140:mfc140.dll
 0001:0000ae48       ?GetProfileBinary@CWinApp@@UAEHPBD0PAPAEPAI@Z 1000be48 f   mfc140:mfc140.dll
 0001:0000ae4e       ?WriteProfileStringA@CWinApp@@UAEHPBD00@Z 1000be4e f   mfc140:mfc140.dll
 0001:0000ae54       ?GetProfileStringA@CWinApp@@UAE?AV?$CStringT@DV?$StrTraitMFC_DLL@DV?$ChTraitsCRT@D@ATL@@@@@ATL@@PBD00@Z 1000be54 f   mfc140:mfc140.dll
 0001:0000ae5a       ?WriteProfileInt@CWinApp@@UAEHPBD0H@Z 1000be5a f   mfc140:mfc140.dll
 0001:0000ae60       ?GetProfileIntA@CWinApp@@UAEIPBD0H@Z 1000be60 f   mfc140:mfc140.dll
 0001:0000ae66       ?GetRuntimeClass@CWinApp@@UBEPAUCRuntimeClass@@XZ 1000be66 f   mfc140:mfc140.dll
 0001:0000ae6c       ?AfxGetModuleState@@YGPAVAFX_MODULE_STATE@@XZ 1000be6c f   mfc140:mfc140.dll
 0001:0000ae72       ?GetInterfaceMap@CCmdTarget@@MBEPBUAFX_INTERFACEMAP@@XZ 1000be72 f   mfc140:mfc140.dll
 0001:0000ae78       ?OnFinalRelease@CCmdTarget@@UAEXXZ 1000be78 f   mfc140:mfc140.dll
 0001:0000ae7e       ?PreTranslateMessage@CDialog@@UAEHPAUtagMSG@@@Z 1000be7e f   mfc140:mfc140.dll
 0001:0000ae84       ?OnChildNotify@CComboBox@@MAEHIIJPAJ@Z 1000be84 f   mfc140:mfc140.dll
 0001:0000ae8a       ?DeleteItem@CComboBox@@UAEXPAUtagDELETEITEMSTRUCT@@@Z 1000be8a f   mfc140:mfc140.dll
 0001:0000ae90       ?CompareItem@CComboBox@@UAEHPAUtagCOMPAREITEMSTRUCT@@@Z 1000be90 f   mfc140:mfc140.dll
 0001:0000ae96       ?MeasureItem@CComboBox@@UAEXPAUtagMEASUREITEMSTRUCT@@@Z 1000be96 f   mfc140:mfc140.dll
 0001:0000ae9c       ?DrawItem@CComboBox@@UAEXPAUtagDRAWITEMSTRUCT@@@Z 1000be9c f   mfc140:mfc140.dll
 0001:0000aea2       ?Create@CComboBox@@UAEHKABUtagRECT@@PAVCWnd@@I@Z 1000bea2 f   mfc140:mfc140.dll
 0001:0000aea8       ?GetRuntimeClass@CComboBox@@UBEPAUCRuntimeClass@@XZ 1000bea8 f   mfc140:mfc140.dll
 0001:0000aeae       ??1AFX_MAINTAIN_STATE2@@QAE@XZ 1000beae f   mfc140:mfc140.dll
 0001:0000aeb4       ??0AFX_MAINTAIN_STATE2@@QAE@PAVAFX_MODULE_STATE@@@Z 1000beb4 f   mfc140:mfc140.dll
 0001:0000aeba       ?Default@CWnd@@IAEJXZ      1000beba f   mfc140:mfc140.dll
 0001:0000aec0       ?GetThisMessageMap@CWnd@@KGPBUAFX_MSGMAP@@XZ 1000bec0 f   mfc140:mfc140.dll
 0001:0000aec6       _RawDllMain@12             1000bec6 f   mfcs140:dllmodul.obj
 0001:0000af19       ??_E_AFX_DLL_MODULE_STATE@@UAEPAXI@Z 1000bf19 f i mfcs140:dllmodul.obj
 0001:0000af19       ??_G_AFX_DLL_MODULE_STATE@@UAEPAXI@Z 1000bf19 f i mfcs140:dllmodul.obj
 0001:0000af4c       ?AfxGetStaticModuleState@@YGPAVAFX_MODULE_STATE@@XZ 1000bf4c f   mfcs140:dllmodul.obj
 0001:0000af52       ?AfxWndProcDllStatic@@YGJPAUHWND__@@IIJ@Z 1000bf52 f   mfcs140:dllmodul.obj
 0001:0000af99       _DllMain@12                1000bf99 f   mfcs140:dllmodul.obj
 0001:0000afe2       _InternalDllMain@12        1000bfe2 f   mfcs140:dllmodul.obj
 0001:0000b168       ?AfxGetApp@@YGPAVCWinApp@@XZ 1000c168 f i mfcs140:dllmodulx.obj
 0001:0000b171       @__security_check_cookie@4 1000c171 f   msvcrt:secchk.obj
 0001:0000b1a9       ??$__crt_fast_encode_pointer@P6GXPAU_RTL_CONDITION_VARIABLE@@@Z@@YAP6GXPAU_RTL_CONDITION_VARIABLE@@@ZQ6GX0@Z@Z 1000c1a9 f i msvcrt:thread_safe_statics.obj
 0001:0000b1a9       ??$__crt_fast_encode_pointer@P6GHPAU_RTL_CONDITION_VARIABLE@@PAU_RTL_CRITICAL_SECTION@@K@Z@@YAP6GHPAU_RTL_CONDITION_VARIABLE@@PAU_RTL_CRITICAL_SECTION@@K@ZQ6GH01K@Z@Z 1000c1a9 f i msvcrt:thread_safe_statics.obj
 0001:0000b2d1       ??_M@YGXPAXIIP6EX0@Z@Z     1000c2d1 f   msvcrt:ehvecdtr.obj
 0001:0000b356       ?__ArrayUnwind@@YGXPAXIIP6EX0@Z@Z 1000c356 f   msvcrt:ehvecdtr.obj
 0001:0000b413       ___scrt_acquire_startup_lock 1000c413 f   msvcrt:utility.obj
 0001:0000b445       ___scrt_dllmain_after_initialize_c 1000c445 f   msvcrt:utility.obj
 0001:0000b470       ___scrt_dllmain_before_initialize_c 1000c470 f   msvcrt:utility.obj
 0001:0000b47e       ___scrt_dllmain_crt_thread_attach 1000c47e f   msvcrt:utility.obj
 0001:0000b49d       ___scrt_dllmain_crt_thread_detach 1000c49d f   msvcrt:utility.obj
 0001:0000b4aa       ___scrt_dllmain_exception_filter 1000c4aa f   msvcrt:utility.obj
 0001:0000b4de       ___scrt_dllmain_uninitialize_c 1000c4de f   msvcrt:utility.obj
 0001:0000b501       ___scrt_dllmain_uninitialize_critical 1000c501 f   msvcrt:utility.obj
 0001:0000b50e       ___scrt_initialize_crt     1000c50e f   msvcrt:utility.obj
 0001:0000b547       ___scrt_initialize_onexit_tables 1000c547 f   msvcrt:utility.obj
 0001:0000b5ec       ___scrt_is_nonwritable_in_current_image 1000c5ec f   msvcrt:utility.obj
 0001:0000b680       ___scrt_release_startup_lock 1000c680 f   msvcrt:utility.obj
 0001:0000b69d       ___scrt_uninitialize_crt   1000c69d f   msvcrt:utility.obj
 0001:0000b6c5       __onexit                   1000c6c5 f   msvcrt:utility.obj
 0001:0000b700       _atexit                    1000c700 f   msvcrt:utility.obj
 0001:0000b715       ??3@YAXPAXI@Z              1000c715 f   msvcrt:delete_scalar_size.obj
 0001:0000b723       ??_Gtype_info@@UAEPAXI@Z   1000c723 f i msvcrt:std_type_info_static.obj
 0001:0000b723       ??_Etype_info@@UAEPAXI@Z   1000c723 f i msvcrt:std_type_info_static.obj
 0001:0000b746       ??_L@YGXPAXIIP6EX0@Z1@Z    1000c746 f   msvcrt:ehvecctr.obj
 0001:0000bada       __DllMainCRTStartup@12     1000cada f   msvcrt:dll_dllmain.obj
 0001:0000bb00       __allshr                   1000cb00 f   msvcrt:llshr.obj
 0001:0000bb30       __aullshr                  1000cb30 f   msvcrt:ullshr.obj
 0001:0000bb50       __ftoui3                   1000cb50 f   msvcrt:ftol3.obj
 0001:0000bb5f       __ftoul3                   1000cb5f f   msvcrt:ftol3.obj
 0001:0000bb6e       __ftol3                    1000cb6e f   msvcrt:ftol3.obj
 0001:0000bb7b       __ftol3_NaN                1000cb7b f   msvcrt:ftol3.obj
 0001:0000bb93       __ftol3_work               1000cb93 f   msvcrt:ftol3.obj
 0001:0000bc19       __ftol3_common             1000cc19 f   msvcrt:ftol3.obj
 0001:0000bcdb       __ftol3_arg_error          1000ccdb f   msvcrt:ftol3.obj
 0001:0000bced       __ftol3_except             1000cced f   msvcrt:ftol3.obj
 0001:0000bd31       __dtoui3                   1000cd31 f   msvcrt:ftol3.obj
 0001:0000bd40       __dtoul3                   1000cd40 f   msvcrt:ftol3.obj
 0001:0000bd4f       __dtol3                    1000cd4f f   msvcrt:ftol3.obj
 0001:0000bd5c       __dtol3_NaN                1000cd5c f   msvcrt:ftol3.obj
 0001:0000bd79       __dtol3_work               1000cd79 f   msvcrt:ftol3.obj
 0001:0000be60       __ultod3                   1000ce60 f   msvcrt:ftol3.obj
 0001:0000bea0       __ltod3                    1000cea0 f   msvcrt:ftol3.obj
 0001:0000bed0       __allshl                   1000ced0 f   msvcrt:llshl.obj
 0001:0000beef       __EH_epilog3               1000ceef f   msvcrt:ehprolg3.obj
 0001:0000bf04       __EH_prolog3               1000cf04 f   msvcrt:ehprolg3.obj
 0001:0000bf38       __EH_prolog3_catch         1000cf38 f   msvcrt:ehprolg3.obj
 0001:0000bf70       __SEH_prolog4              1000cf70 f   msvcrt:sehprolg4.obj
 0001:0000bfb6       __SEH_epilog4              1000cfb6 f   msvcrt:sehprolg4.obj
 0001:0000bfd0       __SEH_prolog4_GS           1000cfd0 f   msvcrt:sehprolg4gs.obj
 0001:0000c019       __SEH_epilog4_GS           1000d019 f   msvcrt:sehprolg4gs.obj
 0001:0000c02a       __except_handler4          1000d02a f   msvcrt:chandler4gs.obj
 0001:0000c04d       ___raise_securityfailure   1000d04d f   msvcrt:gs_report.obj
 0001:0000c075       ___report_gsfailure        1000d075 f   msvcrt:gs_report.obj
 0001:0000c16e       ___scrt_fastfail           1000d16e f   msvcrt:utility_desktop.obj
 0001:0000c288       __crt_debugger_hook        1000d288 f   msvcrt:utility_desktop.obj
 0001:0000c290       ___isa_available_init      1000d290 f   msvcrt:cpu_disp.obj
 0001:0000c427       __get_startup_argv_mode    1000d427 f   msvcrt:argv_mode.obj
 0001:0000c42b       ___scrt_is_ucrt_dll_in_use 1000d42b f   msvcrt:ucrt_detection.obj
 0001:0000c484       ___security_init_cookie    1000d484 f   msvcrt:gs_support.obj
 0001:0000c4cf       ?__scrt_initialize_type_info@@YAXXZ 1000d4cf f   msvcrt:tncleanup.obj
 0001:0000c4db       ?__scrt_uninitialize_type_info@@YAXXZ 1000d4db f   msvcrt:tncleanup.obj
 0001:0000c4e7       ___scrt_initialize_default_local_stdio_options 1000d4e7 f   msvcrt:default_local_stdio_options.obj
 0001:0000c504       ___scrt_get_dyn_tls_init_callback 1000d504 f   msvcrt:dyn_tls_init.obj
 0001:0000c50a       __RTC_Initialize           1000d50a f   msvcrt:initsect.obj
 0001:0000c536       __RTC_Terminate            1000d536 f   msvcrt:initsect.obj
 0001:0000c562       _IsProcessorFeaturePresent@4 1000d562 f   kernel32:KERNEL32.dll
 0001:0000c568       ??0CAtlBaseModule@ATL@@QAE@XZ 1000d568 f   atls:atlbase.obj
 0001:0000c5bb       ??0_ATL_BASE_MODULE70@ATL@@QAE@XZ 1000d5bb f i atls:atlbase.obj
 0001:0000c5de       ??1CAtlBaseModule@ATL@@QAE@XZ 1000d5de f   atls:atlbase.obj
 0001:0000c5f4       ?RemoveAll@?$CSimpleArray@PAUHINSTANCE__@@V?$CSimpleArrayEqualHelper@PAUHINSTANCE__@@@ATL@@@ATL@@QAEXXZ 1000d5f4 f i atls:atlbase.obj
 0001:0000c611       ?_Lock@?$basic_streambuf@DU?$char_traits@D@std@@@std@@UAEXXZ 1000d611 f   msvcprt:MSVCP140.dll
 0001:0000c617       ?_Unlock@?$basic_streambuf@DU?$char_traits@D@std@@@std@@UAEXXZ 1000d617 f   msvcprt:MSVCP140.dll
 0001:0000c61d       ?showmanyc@?$basic_streambuf@DU?$char_traits@D@std@@@std@@MAE_JXZ 1000d61d f   msvcprt:MSVCP140.dll
 0001:0000c623       ?uflow@?$basic_streambuf@DU?$char_traits@D@std@@@std@@MAEHXZ 1000d623 f   msvcprt:MSVCP140.dll
 0001:0000c629       ?xsgetn@?$basic_streambuf@DU?$char_traits@D@std@@@std@@MAE_JPAD_J@Z 1000d629 f   msvcprt:MSVCP140.dll
 0001:0000c62f       ?xsputn@?$basic_streambuf@DU?$char_traits@D@std@@@std@@MAE_JPBD_J@Z 1000d62f f   msvcprt:MSVCP140.dll
 0001:0000c635       ?setbuf@?$basic_streambuf@DU?$char_traits@D@std@@@std@@MAEPAV12@PAD_J@Z 1000d635 f   msvcprt:MSVCP140.dll
 0001:0000c63b       ?sync@?$basic_streambuf@DU?$char_traits@D@std@@@std@@MAEHXZ 1000d63b f   msvcprt:MSVCP140.dll
 0001:0000c641       ?imbue@?$basic_streambuf@DU?$char_traits@D@std@@@std@@MAEXABVlocale@2@@Z 1000d641 f   msvcprt:MSVCP140.dll
 0001:0000c647       ___CxxFrameHandler3        1000d647 f   vcruntime:VCRUNTIME140.dll
 0001:0000c64d       ___std_terminate           1000d64d f   vcruntime:VCRUNTIME140.dll
 0001:0000c653       __purecall                 1000d653 f   vcruntime:VCRUNTIME140.dll
 0001:0000c659       _memcpy                    1000d659 f   vcruntime:VCRUNTIME140.dll
 0001:0000c65f       _memmove                   1000d65f f   vcruntime:VCRUNTIME140.dll
 0001:0000c665       _memset                    1000d665 f   vcruntime:VCRUNTIME140.dll
 0001:0000c66b       __except_handler4_common   1000d66b f   vcruntime:VCRUNTIME140.dll
 0001:0000c671       ___std_type_info_destroy_list 1000d671 f   vcruntime:VCRUNTIME140.dll
 0001:0000c677       _free                      1000d677 f   ucrt:api-ms-win-crt-heap-l1-1-0.dll
 0001:0000c67d       _terminate                 1000d67d f   ucrt:api-ms-win-crt-runtime-l1-1-0.dll
 0001:0000c683       __seh_filter_dll           1000d683 f   ucrt:api-ms-win-crt-runtime-l1-1-0.dll
 0001:0000c689       __configure_narrow_argv    1000d689 f   ucrt:api-ms-win-crt-runtime-l1-1-0.dll
 0001:0000c68f       __initialize_narrow_environment 1000d68f f   ucrt:api-ms-win-crt-runtime-l1-1-0.dll
 0001:0000c695       __initialize_onexit_table  1000d695 f   ucrt:api-ms-win-crt-runtime-l1-1-0.dll
 0001:0000c69b       __register_onexit_function 1000d69b f   ucrt:api-ms-win-crt-runtime-l1-1-0.dll
 0001:0000c6a1       __execute_onexit_table     1000d6a1 f   ucrt:api-ms-win-crt-runtime-l1-1-0.dll
 0001:0000c6a7       __crt_atexit               1000d6a7 f   ucrt:api-ms-win-crt-runtime-l1-1-0.dll
 0001:0000c6ad       __cexit                    1000d6ad f   ucrt:api-ms-win-crt-runtime-l1-1-0.dll
 0001:0000c6b3       __initterm                 1000d6b3 f   ucrt:api-ms-win-crt-runtime-l1-1-0.dll
 0001:0000c6b9       __initterm_e               1000d6b9 f   ucrt:api-ms-win-crt-runtime-l1-1-0.dll
 0001:0000c6bf       __except1                  1000d6bf f   ucrt:api-ms-win-crt-math-l1-1-0.dll
 0001:0000c6c5       ?Delete@CException@@QAEXXZ 1000d6c5 f   mfc140:mfc140.dll
 0001:0000c6cb       ??3CNoTrackObject@@SGXPAX@Z 1000d6cb f   mfc140:mfc140.dll
 0001:0000c6d1       ??0AFX_MODULE_STATE@@QAE@HP6GJPAUHWND__@@IIJ@ZKH@Z 1000d6d1 f   mfc140:mfc140.dll
 0001:0000c6d7       ??1AFX_MODULE_STATE@@UAE@XZ 1000d6d7 f   mfc140:mfc140.dll
 0001:0000c6dd       ?AfxSetModuleState@@YGPAVAFX_MODULE_STATE@@PAV1@@Z 1000d6dd f   mfc140:mfc140.dll
 0001:0000c6e3       ?AfxWinInit@@YGHPAUHINSTANCE__@@0PADH@Z 1000d6e3 f   mfc140:mfc140.dll
 0001:0000c6e9       ?AfxWndProc@@YGJPAUHWND__@@IIJ@Z 1000d6e9 f   mfc140:mfc140.dll
 0001:0000c6ef       ?AfxTermThread@@YGXPAUHINSTANCE__@@@Z 1000d6ef f   mfc140:mfc140.dll
 0001:0000c6f5       ?AfxWinTerm@@YGXXZ         1000d6f5 f   mfc140:mfc140.dll
 0001:0000c6fb       ??0CDynLinkLibrary@@QAE@AAUAFX_EXTENSION_MODULE@@H@Z 1000d6fb f   mfc140:mfc140.dll
 0001:0000c701       ?AfxInitExtensionModule@@YGHAAUAFX_EXTENSION_MODULE@@PAUHINSTANCE__@@@Z 1000d701 f   mfc140:mfc140.dll
 0001:0000c707       ?AfxTermExtensionModule@@YGXAAUAFX_EXTENSION_MODULE@@H@Z 1000d707 f   mfc140:mfc140.dll
 0001:0000c70d       ?AfxCoreInitModule@@YGXXZ  1000d70d f   mfc140:mfc140.dll
 0001:0000c713       ?AfxLockTempMaps@@YGXXZ    1000d713 f   mfc140:mfc140.dll
 0001:0000c719       ?AfxUnlockTempMaps@@YGHH@Z 1000d719 f   mfc140:mfc140.dll
 0001:0000c71f       __RawDllMainProxy@12       1000d71f f   mfcs140:rawdllmainproxy.obj
 0001:0000c839       ___vcrt_uninitialize_critical 1000d839 f   msvcrt:ucrt_stubs.obj
 0001:0000c839       ___scrt_stub_for_acrt_thread_attach 1000d839 f   msvcrt:ucrt_stubs.obj
 0001:0000c839       ___acrt_thread_detach      1000d839 f   msvcrt:ucrt_stubs.obj
 0001:0000c839       ___vcrt_thread_attach      1000d839 f   msvcrt:ucrt_stubs.obj
 0001:0000c839       ___scrt_stub_for_acrt_thread_detach 1000d839 f   msvcrt:ucrt_stubs.obj
 0001:0000c839       ___acrt_uninitialize_critical 1000d839 f   msvcrt:ucrt_stubs.obj
 0001:0000c839       ___acrt_initialize         1000d839 f   msvcrt:ucrt_stubs.obj
 0001:0000c839       ___vcrt_thread_detach      1000d839 f   msvcrt:ucrt_stubs.obj
 0001:0000c839       ___acrt_thread_attach      1000d839 f   msvcrt:ucrt_stubs.obj
 0001:0000c839       ___scrt_stub_for_acrt_uninitialize_critical 1000d839 f   msvcrt:ucrt_stubs.obj
 0001:0000c839       ___vcrt_initialize         1000d839 f   msvcrt:ucrt_stubs.obj
 0001:0000c839       ___scrt_stub_for_acrt_initialize 1000d839 f   msvcrt:ucrt_stubs.obj
 0001:0000c839       ___acrt_uninitialize       1000d839 f   msvcrt:ucrt_stubs.obj
 0001:0000c839       ___vcrt_uninitialize       1000d839 f   msvcrt:ucrt_stubs.obj
 0001:0000c839       ___scrt_stub_for_acrt_uninitialize 1000d839 f   msvcrt:ucrt_stubs.obj
 0001:0000c840       __alldiv                   1000d840 f   msvcrt:lldiv.obj
 0001:0000c8f0       __allmul                   1000d8f0 f   msvcrt:llmul.obj
 0001:0000c930       __aulldiv                  1000d930 f   msvcrt:ulldiv.obj
 0001:0000c9a0       __chkstk                   1000d9a0 f   msvcrt:chkstk.obj
 0001:0000c9a0       __alloca_probe             1000d9a0 f   msvcrt:chkstk.obj
 0001:0000c9cd       __CxxThrowException@8      1000d9cd f   vcruntime:VCRUNTIME140.dll
 0002:00000000       __imp__RegQueryValueExA@24 1000f000     advapi32:ADVAPI32.dll
 0002:00000004       __imp__RegOpenKeyExA@20    1000f004     advapi32:ADVAPI32.dll
 0002:00000008       __imp__RegCloseKey@4       1000f008     advapi32:ADVAPI32.dll
 0002:0000000c       \177ADVAPI32_NULL_THUNK_DATA 1000f00c     advapi32:ADVAPI32.dll
 0002:00000010       __imp__DeleteCriticalSection@4 1000f010     kernel32:KERNEL32.dll
 0002:00000014       __imp__GetModuleFileNameA@12 1000f014     kernel32:KERNEL32.dll
 0002:00000018       __imp__OutputDebugStringA@4 1000f018     kernel32:KERNEL32.dll
 0002:0000001c       __imp__GetLocalTime@4      1000f01c     kernel32:KERNEL32.dll
 0002:00000020       __imp__WaitForSingleObject@8 1000f020     kernel32:KERNEL32.dll
 0002:00000024       __imp__SetEvent@4          1000f024     kernel32:KERNEL32.dll
 0002:00000028       __imp__CreateEventA@16     1000f028     kernel32:KERNEL32.dll
 0002:0000002c       __imp__EnumResourceLanguagesA@20 1000f02c     kernel32:KERNEL32.dll
 0002:00000030       __imp__GetUserDefaultLangID@0 1000f030     kernel32:KERNEL32.dll
 0002:00000034       __imp__lstrlenA@4          1000f034     kernel32:KERNEL32.dll
 0002:00000038       __imp__lstrcatA@8          1000f038     kernel32:KERNEL32.dll
 0002:0000003c       __imp__FreeLibrary@4       1000f03c     kernel32:KERNEL32.dll
 0002:00000040       __imp__GetModuleHandleW@4  1000f040     kernel32:KERNEL32.dll
 0002:00000044       __imp__LocalFree@4         1000f044     kernel32:KERNEL32.dll
 0002:00000048       __imp__CloseHandle@4       1000f048     kernel32:KERNEL32.dll
 0002:0000004c       __imp__CreateEventW@16     1000f04c     kernel32:KERNEL32.dll
 0002:00000050       __imp__UnhandledExceptionFilter@4 1000f050     kernel32:KERNEL32.dll
 0002:00000054       __imp__SetUnhandledExceptionFilter@4 1000f054     kernel32:KERNEL32.dll
 0002:00000058       __imp__GetCurrentProcess@0 1000f058     kernel32:KERNEL32.dll
 0002:0000005c       __imp__TerminateProcess@8  1000f05c     kernel32:KERNEL32.dll
 0002:00000060       __imp__IsProcessorFeaturePresent@4 1000f060     kernel32:KERNEL32.dll
 0002:00000064       __imp__IsDebuggerPresent@0 1000f064     kernel32:KERNEL32.dll
 0002:00000068       __imp__QueryPerformanceCounter@4 1000f068     kernel32:KERNEL32.dll
 0002:0000006c       __imp__GetCurrentProcessId@0 1000f06c     kernel32:KERNEL32.dll
 0002:00000070       __imp__GetCurrentThreadId@0 1000f070     kernel32:KERNEL32.dll
 0002:00000074       __imp__GetSystemTimeAsFileTime@4 1000f074     kernel32:KERNEL32.dll
 0002:00000078       __imp__InitializeSListHead@4 1000f078     kernel32:KERNEL32.dll
 0002:0000007c       __imp__GetProcAddress@8    1000f07c     kernel32:KERNEL32.dll
 0002:00000080       __imp__lstrcpyA@8          1000f080     kernel32:KERNEL32.dll
 0002:00000084       __imp__LoadLibraryA@4      1000f084     kernel32:KERNEL32.dll
 0002:00000088       __imp__ConvertDefaultLocale@4 1000f088     kernel32:KERNEL32.dll
 0002:0000008c       __imp__GetVersion@0        1000f08c     kernel32:KERNEL32.dll
 0002:00000090       __imp__GetSystemDefaultLangID@0 1000f090     kernel32:KERNEL32.dll
 0002:00000094       __imp__GetLocaleInfoA@16   1000f094     kernel32:KERNEL32.dll
 0002:00000098       __imp__lstrcpynA@12        1000f098     kernel32:KERNEL32.dll
 0002:0000009c       __imp__GetLastError@0      1000f09c     kernel32:KERNEL32.dll
 0002:000000a0       __imp__InitializeCriticalSectionAndSpinCount@8 1000f0a0     kernel32:KERNEL32.dll
 0002:000000a4       __imp__LocalAlloc@8        1000f0a4     kernel32:KERNEL32.dll
 0002:000000a8       __imp__OutputDebugStringW@4 1000f0a8     kernel32:KERNEL32.dll
 0002:000000ac       __imp__GetModuleHandleA@4  1000f0ac     kernel32:KERNEL32.dll
 0002:000000b0       \177KERNEL32_NULL_THUNK_DATA 1000f0b0     kernel32:KERNEL32.dll
 0002:000000b4       __imp_?sputc@?$basic_streambuf@DU?$char_traits@D@std@@@std@@QAEHD@Z 1000f0b4     msvcprt:MSVCP140.dll
 0002:000000b8       __imp_?sputn@?$basic_streambuf@DU?$char_traits@D@std@@@std@@QAE_JPBD_J@Z 1000f0b8     msvcprt:MSVCP140.dll
 0002:000000bc       __imp_?uncaught_exception@std@@YA_NXZ 1000f0bc     msvcprt:MSVCP140.dll
 0002:000000c0       __imp_?_Xlength_error@std@@YAXPBD@Z 1000f0c0     msvcprt:MSVCP140.dll
 0002:000000c4       __imp_??0?$basic_streambuf@DU?$char_traits@D@std@@@std@@IAE@XZ 1000f0c4     msvcprt:MSVCP140.dll
 0002:000000c8       __imp_?_Osfx@?$basic_ostream@DU?$char_traits@D@std@@@std@@QAEXXZ 1000f0c8     msvcprt:MSVCP140.dll
 0002:000000cc       __imp_?flush@?$basic_ostream@DU?$char_traits@D@std@@@std@@QAEAAV12@XZ 1000f0cc     msvcprt:MSVCP140.dll
 0002:000000d0       __imp_?setstate@?$basic_ios@DU?$char_traits@D@std@@@std@@QAEXH_N@Z 1000f0d0     msvcprt:MSVCP140.dll
 0002:000000d4       __imp_??0?$basic_ios@DU?$char_traits@D@std@@@std@@IAE@XZ 1000f0d4     msvcprt:MSVCP140.dll
 0002:000000d8       __imp_?_Pninc@?$basic_streambuf@DU?$char_traits@D@std@@@std@@IAEPADXZ 1000f0d8     msvcprt:MSVCP140.dll
 0002:000000dc       __imp_??0?$basic_ostream@DU?$char_traits@D@std@@@std@@QAE@PAV?$basic_streambuf@DU?$char_traits@D@std@@@1@_N@Z 1000f0dc     msvcprt:MSVCP140.dll
 0002:000000e0       __imp_??1?$basic_ios@DU?$char_traits@D@std@@@std@@UAE@XZ 1000f0e0     msvcprt:MSVCP140.dll
 0002:000000e4       __imp_??1?$basic_streambuf@DU?$char_traits@D@std@@@std@@UAE@XZ 1000f0e4     msvcprt:MSVCP140.dll
 0002:000000e8       __imp_?_Lock@?$basic_streambuf@DU?$char_traits@D@std@@@std@@UAEXXZ 1000f0e8     msvcprt:MSVCP140.dll
 0002:000000ec       __imp_?_Unlock@?$basic_streambuf@DU?$char_traits@D@std@@@std@@UAEXXZ 1000f0ec     msvcprt:MSVCP140.dll
 0002:000000f0       __imp_?showmanyc@?$basic_streambuf@DU?$char_traits@D@std@@@std@@MAE_JXZ 1000f0f0     msvcprt:MSVCP140.dll
 0002:000000f4       __imp_?uflow@?$basic_streambuf@DU?$char_traits@D@std@@@std@@MAEHXZ 1000f0f4     msvcprt:MSVCP140.dll
 0002:000000f8       __imp_?xsgetn@?$basic_streambuf@DU?$char_traits@D@std@@@std@@MAE_JPAD_J@Z 1000f0f8     msvcprt:MSVCP140.dll
 0002:000000fc       __imp_?xsputn@?$basic_streambuf@DU?$char_traits@D@std@@@std@@MAE_JPBD_J@Z 1000f0fc     msvcprt:MSVCP140.dll
 0002:00000100       __imp_?setbuf@?$basic_streambuf@DU?$char_traits@D@std@@@std@@MAEPAV12@PAD_J@Z 1000f100     msvcprt:MSVCP140.dll
 0002:00000104       __imp_?sync@?$basic_streambuf@DU?$char_traits@D@std@@@std@@MAEHXZ 1000f104     msvcprt:MSVCP140.dll
 0002:00000108       __imp_?imbue@?$basic_streambuf@DU?$char_traits@D@std@@@std@@MAEXABVlocale@2@@Z 1000f108     msvcprt:MSVCP140.dll
 0002:0000010c       __imp_??1?$basic_ostream@DU?$char_traits@D@std@@@std@@UAE@XZ 1000f10c     msvcprt:MSVCP140.dll
 0002:00000110       __imp_??6?$basic_ostream@DU?$char_traits@D@std@@@std@@QAEAAV01@H@Z 1000f110     msvcprt:MSVCP140.dll
 0002:00000114       \177MSVCP140_NULL_THUNK_DATA 1000f114     msvcprt:MSVCP140.dll
 0002:00000118       __imp__SendMessageA@16     1000f118     user32:USER32.dll
 0002:0000011c       __imp__GetFocus@0          1000f11c     user32:USER32.dll
 0002:00000120       __imp__PostMessageA@16     1000f120     user32:USER32.dll
 0002:00000124       __imp__GetParent@4         1000f124     user32:USER32.dll
 0002:00000128       __imp__EnableWindow@8      1000f128     user32:USER32.dll
 0002:0000012c       \177USER32_NULL_THUNK_DATA 1000f12c     user32:USER32.dll
 0002:00000130       __imp____CxxFrameHandler3  1000f130     vcruntime:VCRUNTIME140.dll
 0002:00000134       __imp____std_terminate     1000f134     vcruntime:VCRUNTIME140.dll
 0002:00000138       __imp___purecall           1000f138     vcruntime:VCRUNTIME140.dll
 0002:0000013c       __imp__memcpy              1000f13c     vcruntime:VCRUNTIME140.dll
 0002:00000140       __imp__memmove             1000f140     vcruntime:VCRUNTIME140.dll
 0002:00000144       __imp__memset              1000f144     vcruntime:VCRUNTIME140.dll
 0002:00000148       __imp___except_handler4_common 1000f148     vcruntime:VCRUNTIME140.dll
 0002:0000014c       __imp____std_type_info_destroy_list 1000f14c     vcruntime:VCRUNTIME140.dll
 0002:00000150       __imp___CxxThrowException@8 1000f150     vcruntime:VCRUNTIME140.dll
 0002:00000154       \177VCRUNTIME140_NULL_THUNK_DATA 1000f154     vcruntime:VCRUNTIME140.dll
 0002:00000158       __imp___atoi64             1000f158     ucrt:api-ms-win-crt-convert-l1-1-0.dll
 0002:0000015c       __imp__atof                1000f15c     ucrt:api-ms-win-crt-convert-l1-1-0.dll
 0002:00000160       __imp__strtoul             1000f160     ucrt:api-ms-win-crt-convert-l1-1-0.dll
 0002:00000164       __imp__atol                1000f164     ucrt:api-ms-win-crt-convert-l1-1-0.dll
 0002:00000168       __imp__strtod              1000f168     ucrt:api-ms-win-crt-convert-l1-1-0.dll
 0002:0000016c       __imp___strtoui64          1000f16c     ucrt:api-ms-win-crt-convert-l1-1-0.dll
 0002:00000170       \177api-ms-win-crt-convert-l1-1-0_NULL_THUNK_DATA 1000f170     ucrt:api-ms-win-crt-convert-l1-1-0.dll
 0002:00000174       __imp__free                1000f174     ucrt:api-ms-win-crt-heap-l1-1-0.dll
 0002:00000178       \177api-ms-win-crt-heap-l1-1-0_NULL_THUNK_DATA 1000f178     ucrt:api-ms-win-crt-heap-l1-1-0.dll
 0002:0000017c       __imp___except1            1000f17c     ucrt:api-ms-win-crt-math-l1-1-0.dll
 0002:00000180       \177api-ms-win-crt-math-l1-1-0_NULL_THUNK_DATA 1000f180     ucrt:api-ms-win-crt-math-l1-1-0.dll
 0002:00000184       __imp___initialize_narrow_environment 1000f184     ucrt:api-ms-win-crt-runtime-l1-1-0.dll
 0002:00000188       __imp___beginthread        1000f188     ucrt:api-ms-win-crt-runtime-l1-1-0.dll
 0002:0000018c       __imp___initterm_e         1000f18c     ucrt:api-ms-win-crt-runtime-l1-1-0.dll
 0002:00000190       __imp___initterm           1000f190     ucrt:api-ms-win-crt-runtime-l1-1-0.dll
 0002:00000194       __imp___cexit              1000f194     ucrt:api-ms-win-crt-runtime-l1-1-0.dll
 0002:00000198       __imp___crt_atexit         1000f198     ucrt:api-ms-win-crt-runtime-l1-1-0.dll
 0002:0000019c       __imp___execute_onexit_table 1000f19c     ucrt:api-ms-win-crt-runtime-l1-1-0.dll
 0002:000001a0       __imp___register_onexit_function 1000f1a0     ucrt:api-ms-win-crt-runtime-l1-1-0.dll
 0002:000001a4       __imp___initialize_onexit_table 1000f1a4     ucrt:api-ms-win-crt-runtime-l1-1-0.dll
 0002:000001a8       __imp___invalid_parameter_noinfo_noreturn 1000f1a8     ucrt:api-ms-win-crt-runtime-l1-1-0.dll
 0002:000001ac       __imp___configure_narrow_argv 1000f1ac     ucrt:api-ms-win-crt-runtime-l1-1-0.dll
 0002:000001b0       __imp___seh_filter_dll     1000f1b0     ucrt:api-ms-win-crt-runtime-l1-1-0.dll
 0002:000001b4       __imp__terminate           1000f1b4     ucrt:api-ms-win-crt-runtime-l1-1-0.dll
 0002:000001b8       \177api-ms-win-crt-runtime-l1-1-0_NULL_THUNK_DATA 1000f1b8     ucrt:api-ms-win-crt-runtime-l1-1-0.dll
 0002:000001bc       __imp____stdio_common_vsnprintf_s 1000f1bc     ucrt:api-ms-win-crt-stdio-l1-1-0.dll
 0002:000001c0       __imp____stdio_common_vsscanf 1000f1c0     ucrt:api-ms-win-crt-stdio-l1-1-0.dll
 0002:000001c4       \177api-ms-win-crt-stdio-l1-1-0_NULL_THUNK_DATA 1000f1c4     ucrt:api-ms-win-crt-stdio-l1-1-0.dll
 0002:000001c8       __imp__toupper             1000f1c8     ucrt:api-ms-win-crt-string-l1-1-0.dll
 0002:000001cc       __imp__tolower             1000f1cc     ucrt:api-ms-win-crt-string-l1-1-0.dll
 0002:000001d0       \177api-ms-win-crt-string-l1-1-0_NULL_THUNK_DATA 1000f1d0     ucrt:api-ms-win-crt-string-l1-1-0.dll
 0002:000001d4       __imp_?InitApplication@CWinApp@@UAEHXZ 1000f1d4     mfc140:mfc140.dll
 0002:000001d8       __imp_?AddToRecentFileList@CWinApp@@UAEXPBD@Z 1000f1d8     mfc140:mfc140.dll
 0002:000001dc       __imp_?OpenDocumentFile@CWinApp@@UAEPAVCDocument@@PBD@Z 1000f1dc     mfc140:mfc140.dll
 0002:000001e0       __imp_?OpenDocumentFile@CWinApp@@UAEPAVCDocument@@PBDH@Z 1000f1e0     mfc140:mfc140.dll
 0002:000001e4       __imp_?Unregister@CWinApp@@UAEHXZ 1000f1e4     mfc140:mfc140.dll
 0002:000001e8       __imp_?Register@CWinApp@@UAEHXZ 1000f1e8     mfc140:mfc140.dll
 0002:000001ec       __imp_?InitLibId@CWinApp@@UAEXXZ 1000f1ec     mfc140:mfc140.dll
 0002:000001f0       __imp_?WriteProfileBinary@CWinApp@@UAEHPBD0PAEI@Z 1000f1f0     mfc140:mfc140.dll
 0002:000001f4       __imp_?GetProfileBinary@CWinApp@@UAEHPBD0PAPAEPAI@Z 1000f1f4     mfc140:mfc140.dll
 0002:000001f8       __imp_?WriteProfileStringA@CWinApp@@UAEHPBD00@Z 1000f1f8     mfc140:mfc140.dll
 0002:000001fc       __imp_?GetProfileStringA@CWinApp@@UAE?AV?$CStringT@DV?$StrTraitMFC_DLL@DV?$ChTraitsCRT@D@ATL@@@@@ATL@@PBD00@Z 1000f1fc     mfc140:mfc140.dll
 0002:00000200       __imp_?WriteProfileInt@CWinApp@@UAEHPBD0H@Z 1000f200     mfc140:mfc140.dll
 0002:00000204       __imp_?GetProfileIntA@CWinApp@@UAEIPBD0H@Z 1000f204     mfc140:mfc140.dll
 0002:00000208       __imp_??0CWinApp@@QAE@PBD@Z 1000f208     mfc140:mfc140.dll
 0002:0000020c       __imp_?GetRuntimeClass@CWinApp@@UBEPAUCRuntimeClass@@XZ 1000f20c     mfc140:mfc140.dll
 0002:00000210       __imp_?AfxGetModuleState@@YGPAVAFX_MODULE_STATE@@XZ 1000f210     mfc140:mfc140.dll
 0002:00000214       __imp_?GetInterfaceMap@CCmdTarget@@MBEPBUAFX_INTERFACEMAP@@XZ 1000f214     mfc140:mfc140.dll
 0002:00000218       __imp_?OnFinalRelease@CCmdTarget@@UAEXXZ 1000f218     mfc140:mfc140.dll
 0002:0000021c       __imp_?GetWindowTextA@CWnd@@QBEHPADH@Z 1000f21c     mfc140:mfc140.dll
 0002:00000220       __imp_?PreTranslateMessage@CDialog@@UAEHPAUtagMSG@@@Z 1000f220     mfc140:mfc140.dll
 0002:00000224       __imp_?GetThisClass@CDialog@@SGPAUCRuntimeClass@@XZ 1000f224     mfc140:mfc140.dll
 0002:00000228       __imp_?OnChildNotify@CComboBox@@MAEHIIJPAJ@Z 1000f228     mfc140:mfc140.dll
 0002:0000022c       __imp_??1CComboBox@@UAE@XZ 1000f22c     mfc140:mfc140.dll
 0002:00000230       __imp_??4?$CStringT@DV?$StrTraitMFC_DLL@DV?$ChTraitsCRT@D@ATL@@@@@ATL@@QAEAAV01@ABV01@@Z 1000f230     mfc140:mfc140.dll
 0002:00000234       __imp_?CompareItem@CComboBox@@UAEHPAUtagCOMPAREITEMSTRUCT@@@Z 1000f234     mfc140:mfc140.dll
 0002:00000238       __imp_?MeasureItem@CComboBox@@UAEXPAUtagMEASUREITEMSTRUCT@@@Z 1000f238     mfc140:mfc140.dll
 0002:0000023c       __imp_?DrawItem@CComboBox@@UAEXPAUtagDRAWITEMSTRUCT@@@Z 1000f23c     mfc140:mfc140.dll
 0002:00000240       __imp_?Create@CComboBox@@UAEHKABUtagRECT@@PAVCWnd@@I@Z 1000f240     mfc140:mfc140.dll
 0002:00000244       __imp_?GetRuntimeClass@CComboBox@@UBEPAUCRuntimeClass@@XZ 1000f244     mfc140:mfc140.dll
 0002:00000248       __imp_?Detach@CWnd@@QAEPAUHWND__@@XZ 1000f248     mfc140:mfc140.dll
 0002:0000024c       __imp_?Attach@CWnd@@QAEHPAUHWND__@@@Z 1000f24c     mfc140:mfc140.dll
 0002:00000250       __imp_??1AFX_MAINTAIN_STATE2@@QAE@XZ 1000f250     mfc140:mfc140.dll
 0002:00000254       __imp_??0AFX_MAINTAIN_STATE2@@QAE@PAVAFX_MODULE_STATE@@@Z 1000f254     mfc140:mfc140.dll
 0002:00000258       __imp_?ReverseFind@?$CStringT@DV?$StrTraitMFC_DLL@DV?$ChTraitsCRT@D@ATL@@@@@ATL@@QBEHD@Z 1000f258     mfc140:mfc140.dll
 0002:0000025c       __imp_?Right@?$CStringT@DV?$StrTraitMFC_DLL@DV?$ChTraitsCRT@D@ATL@@@@@ATL@@QBE?AV12@H@Z 1000f25c     mfc140:mfc140.dll
 0002:00000260       __imp_?Left@?$CStringT@DV?$StrTraitMFC_DLL@DV?$ChTraitsCRT@D@ATL@@@@@ATL@@QBE?AV12@H@Z 1000f260     mfc140:mfc140.dll
 0002:00000264       __imp_?GetAt@?$CSimpleStringT@D$00@ATL@@QBEDH@Z 1000f264     mfc140:mfc140.dll
 0002:00000268       __imp_?SetAt@?$CSimpleStringT@D$00@ATL@@QAEXHD@Z 1000f268     mfc140:mfc140.dll
 0002:0000026c       __imp_?Find@?$CStringT@DV?$StrTraitMFC_DLL@DV?$ChTraitsCRT@D@ATL@@@@@ATL@@QBEHDH@Z 1000f26c     mfc140:mfc140.dll
 0002:00000270       __imp_?Default@CWnd@@IAEJXZ 1000f270     mfc140:mfc140.dll
 0002:00000274       __imp_?GetThisMessageMap@CWnd@@KGPBUAFX_MSGMAP@@XZ 1000f274     mfc140:mfc140.dll
[...]
 0002:00003140       __unwindtable$??__Esg_HardwareList@@YAXXZ 10012140     CANControllerConfigDlg.obj
 0002:00003148       __ehfuncinfo$??__Esg_SelectedChannels@@YAXXZ 10012148     CANControllerConfigDlg.obj
 0002:0000316c       __unwindtable$??__Esg_SelectedChannels@@YAXXZ 1001216c     CANControllerConfigDlg.obj
 0002:00003178       __ehfuncinfo$??0CCANControllerConfigDlg@@QAE@V?$basic_string@DU?$char_traits@D@std@@V?$allocator@D@2@@std@@HPAVCWnd@@@Z 10012178     CANControllerConfigDlg.obj
 0002:000031a0       __unwindtable$??0CCANControllerConfigDlg@@QAE@V?$basic_string@DU?$char_traits@D@std@@V?$allocator@D@2@@std@@HPAVCWnd@@@Z 100121a0     CANControllerConfigDlg.obj
 0002:000031e0       __ehfuncinfo$??_GCCANControllerConfigDlg@@UAEPAXI@Z 100121e0     CANControllerConfigDlg.obj
 0002:000031e0       __ehfuncinfo$??1sentry@?$basic_ostream@DU?$char_traits@D@std@@@std@@QAE@XZ 100121e0     DIL_CAN_IXXAT_VCI.obj
 0002:00003204       __unwindtable$??_GCCANControllerConfigDlg@@UAEPAXI@Z 10012204     CANControllerConfigDlg.obj
 0002:00003204       __unwindtable$??1sentry@?$basic_ostream@DU?$char_traits@D@std@@@std@@QAE@XZ 10012204     DIL_CAN_IXXAT_VCI.obj
 0002:0000320c       __ehfuncinfo$?UpdateBTRFields@CCANControllerConfigDlg@@IAEXH@Z 1001220c     CANControllerConfigDlg.obj
 0002:0000320c       __ehfuncinfo$?InvokeAdavancedSettings@CCANControllerConfigDlg@@UAEHPAVSCONTROLLER_DETAILS@@II@Z 1001220c     CANControllerConfigDlg.obj
 0002:00003230       __unwindtable$?UpdateBTRFields@CCANControllerConfigDlg@@IAEXH@Z 10012230     CANControllerConfigDlg.obj
 0002:00003230       __unwindtable$?InvokeAdavancedSettings@CCANControllerConfigDlg@@UAEHPAVSCONTROLLER_DETAILS@@II@Z 10012230     CANControllerConfigDlg.obj
 0002:00003238       __ehfuncinfo$?UpdateComboBoxIndexFromEditFields@CCANControllerConfigDlg@@IAEXXZ 10012238     CANControllerConfigDlg.obj
 0002:0000325c       __unwindtable$?UpdateComboBoxIndexFromEditFields@CCANControllerConfigDlg@@IAEXXZ 1001225c     CANControllerConfigDlg.obj
 0002:00003264       __ehfuncinfo$??$_Insert_hint@AAU?$pair@$$CBHH@std@@PAU?$_Tree_node@U?$pair@$$CBHH@std@@PAX@2@@?$_Tree@V?$_Tmap_traits@HHU?$less@H@std@@V?$allocator@U?$pair@$$CBHH@std@@@2@$0A@@std@@@std@@IAE?AV?$_Tree_iterator@V?$_Tree_val@U?$_Tree_simple_types@U?$pair@$$CBHH@std@@@std@@@std@@@1@V?$_Tree_const_iterator@V?$_Tree_val@U?$_Tree_simple_types@U?$pair@$$CBHH@std@@@std@@@std@@@1@AAU?$pair@$$CBHH@1@PAU?$_Tree_node@U?$pair@$$CBHH@std@@PAX@1@@Z 10012264     CANControllerConfigDlg.obj
 0002:00003288       __unwindtable$??$_Insert_hint@AAU?$pair@$$CBHH@std@@PAU?$_Tree_node@U?$pair@$$CBHH@std@@PAX@2@@?$_Tree@V?$_Tmap_traits@HHU?$less@H@std@@V?$allocator@U?$pair@$$CBHH@std@@@2@$0A@@std@@@std@@IAE?AV?$_Tree_iterator@V?$_Tree_val@U?$_Tree_simple_types@U?$pair@$$CBHH@std@@@std@@@std@@@1@V?$_Tree_const_iterator@V?$_Tree_val@U?$_Tree_simple_types@U?$pair@$$CBHH@std@@@std@@@std@@@1@AAU?$pair@$$CBHH@1@PAU?$_Tree_node@U?$pair@$$CBHH@std@@PAX@1@@Z 10012288     CANControllerConfigDlg.obj
 0002:00003298       __tryblocktable$??$_Insert_hint@AAU?$pair@$$CBHH@std@@PAU?$_Tree_node@U?$pair@$$CBHH@std@@PAX@2@@?$_Tree@V?$_Tmap_traits@HHU?$less@H@std@@V?$allocator@U?$pair@$$CBHH@std@@@2@$0A@@std@@@std@@IAE?AV?$_Tree_iterator@V?$_Tree_val@U?$_Tree_simple_types@U?$pair@$$CBHH@std@@@std@@@std@@@1@V?$_Tree_const_iterator@V?$_Tree_val@U?$_Tree_simple_types@U?$pair@$$CBHH@std@@@std@@@std@@@1@AAU?$pair@$$CBHH@1@PAU?$_Tree_node@U?$pair@$$CBHH@std@@PAX@1@@Z 10012298     CANControllerConfigDlg.obj
 0002:000032ac       __catchsym$??$_Insert_hint@AAU?$pair@$$CBHH@std@@PAU?$_Tree_node@U?$pair@$$CBHH@std@@PAX@2@@?$_Tree@V?$_Tmap_traits@HHU?$less@H@std@@V?$allocator@U?$pair@$$CBHH@std@@@2@$0A@@std@@@std@@IAE?AV?$_Tree_iterator@V?$_Tree_val@U?$_Tree_simple_types@U?$pair@$$CBHH@std@@@std@@@std@@@1@V?$_Tree_const_iterator@V?$_Tree_val@U?$_Tree_simple_types@U?$pair@$$CBHH@std@@@std@@@std@@@1@AAU?$pair@$$CBHH@1@PAU?$_Tree_node@U?$pair@$$CBHH@std@@PAX@1@@Z$2 100122ac     CANControllerConfigDlg.obj
 0002:000032bc       __ehfuncinfo$??__Esg_HardwareList@@YAXXZ 100122bc     ClientBuffer.obj
 0002:000032e0       __unwindtable$??__Esg_HardwareList@@YAXXZ 100122e0     ClientBuffer.obj
 0002:000032e8       __ehfuncinfo$??__Esg_SelectedChannels@@YAXXZ 100122e8     ClientBuffer.obj
 0002:0000330c       __unwindtable$??__Esg_SelectedChannels@@YAXXZ 1001230c     ClientBuffer.obj
 0002:00003314       __ehfuncinfo$??__Esg_HardwareList@@YAXXZ 10012314     ClientList.obj
 0002:00003338       __unwindtable$??__Esg_HardwareList@@YAXXZ 10012338     ClientList.obj
 0002:00003340       __ehfuncinfo$??__Esg_SelectedChannels@@YAXXZ 10012340     ClientList.obj
 0002:00003364       __unwindtable$??__Esg_SelectedChannels@@YAXXZ 10012364     ClientList.obj
 0002:0000336c       __ehfuncinfo$?RegisterClient@CClientList@@QAEJAAKV?$basic_string@DU?$char_traits@D@std@@V?$allocator@D@2@@std@@@Z 1001236c     ClientList.obj
 0002:00003390       __unwindtable$?RegisterClient@CClientList@@QAEJAAKV?$basic_string@DU?$char_traits@D@std@@V?$allocator@D@2@@std@@@Z 10012390     ClientList.obj
 0002:000033b8       __ehfuncinfo$??$_Insert_hint@AAU?$pair@$$CBKPAVCClientBuffer@@@std@@PAU?$_Tree_node@U?$pair@$$CBKPAVCClientBuffer@@@std@@PAX@2@@?$_Tree@V?$_Tmap_traits@KPAVCClientBuffer@@U?$less@K@std@@V?$allocator@U?$pair@$$CBKPAVCClientBuffer@@@std@@@3@$0A@@std@@@std@@IAE?AV?$_Tree_iterator@V?$_Tree_val@U?$_Tree_simple_types@U?$pair@$$CBKPAVCClientBuffer@@@std@@@std@@@std@@@1@V?$_Tree_const_iterator@V?$_Tree_val@U?$_Tree_simple_types@U?$pair@$$CBKPAVCClientBuffer@@@std@@@std@@@std@@@1@AAU?$pair@$$CBKPAVCClientBuffer@@@1@PAU?$_Tree_node@U?$pair@$$CBKPAVCClientBuffer@@@std@@PAX@1@@Z 100123b8     ClientList.obj
 0002:000033dc       __unwindtable$??$_Insert_hint@AAU?$pair@$$CBKPAVCClientBuffer@@@std@@PAU?$_Tree_node@U?$pair@$$CBKPAVCClientBuffer@@@std@@PAX@2@@?$_Tree@V?$_Tmap_traits@KPAVCClientBuffer@@U?$less@K@std@@V?$allocator@U?$pair@$$CBKPAVCClientBuffer@@@std@@@3@$0A@@std@@@std@@IAE?AV?$_Tree_iterator@V?$_Tree_val@U?$_Tree_simple_types@U?$pair@$$CBKPAVCClientBuffer@@@std@@@std@@@std@@@1@V?$_Tree_const_iterator@V?$_Tree_val@U?$_Tree_simple_types@U?$pair@$$CBKPAVCClientBuffer@@@std@@@std@@@std@@@1@AAU?$pair@$$CBKPAVCClientBuffer@@@1@PAU?$_Tree_node@U?$pair@$$CBKPAVCClientBuffer@@@std@@PAX@1@@Z 100123dc     ClientList.obj
 0002:000033ec       __tryblocktable$??$_Insert_hint@AAU?$pair@$$CBKPAVCClientBuffer@@@std@@PAU?$_Tree_node@U?$pair@$$CBKPAVCClientBuffer@@@std@@PAX@2@@?$_Tree@V?$_Tmap_traits@KPAVCClientBuffer@@U?$less@K@std@@V?$allocator@U?$pair@$$CBKPAVCClientBuffer@@@std@@@3@$0A@@std@@@std@@IAE?AV?$_Tree_iterator@V?$_Tree_val@U?$_Tree_simple_types@U?$pair@$$CBKPAVCClientBuffer@@@std@@@std@@@std@@@1@V?$_Tree_const_iterator@V?$_Tree_val@U?$_Tree_simple_types@U?$pair@$$CBKPAVCClientBuffer@@@std@@@std@@@std@@@1@AAU?$pair@$$CBKPAVCClientBuffer@@@1@PAU?$_Tree_node@U?$pair@$$CBKPAVCClientBuffer@@@std@@PAX@1@@Z 100123ec     ClientList.obj
 0002:00003400       __catchsym$??$_Insert_hint@AAU?$pair@$$CBKPAVCClientBuffer@@@std@@PAU?$_Tree_node@U?$pair@$$CBKPAVCClientBuffer@@@std@@PAX@2@@?$_Tree@V?$_Tmap_traits@KPAVCClientBuffer@@U?$less@K@std@@V?$allocator@U?$pair@$$CBKPAVCClientBuffer@@@std@@@3@$0A@@std@@@std@@IAE?AV?$_Tree_iterator@V?$_Tree_val@U?$_Tree_simple_types@U?$pair@$$CBKPAVCClientBuffer@@@std@@@std@@@std@@@1@V?$_Tree_const_iterator@V?$_Tree_val@U?$_Tree_simple_types@U?$pair@$$CBKPAVCClientBuffer@@@std@@@std@@@std@@@1@AAU?$pair@$$CBKPAVCClientBuffer@@@1@PAU?$_Tree_node@U?$pair@$$CBKPAVCClientBuffer@@@std@@PAX@1@@Z$2 10012400     ClientList.obj
 0002:00003410       __ehfuncinfo$??$_Insert_nohint@AAU?$pair@$$CBKPAVCClientBuffer@@@std@@PAU?$_Tree_node@U?$pair@$$CBKPAVCClientBuffer@@@std@@PAX@2@@?$_Tree@V?$_Tmap_traits@KPAVCClientBuffer@@U?$less@K@std@@V?$allocator@U?$pair@$$CBKPAVCClientBuffer@@@std@@@3@$0A@@std@@@std@@IAE?AU?$pair@V?$_Tree_iterator@V?$_Tree_val@U?$_Tree_simple_types@U?$pair@$$CBKPAVCClientBuffer@@@std@@@std@@@std@@@std@@_N@1@_NAAU?$pair@$$CBKPAVCClientBuffer@@@1@PAU?$_Tree_node@U?$pair@$$CBKPAVCClientBuffer@@@std@@PAX@1@@Z 10012410     ClientList.obj
 0002:00003434       __unwindtable$??$_Insert_nohint@AAU?$pair@$$CBKPAVCClientBuffer@@@std@@PAU?$_Tree_node@U?$pair@$$CBKPAVCClientBuffer@@@std@@PAX@2@@?$_Tree@V?$_Tmap_traits@KPAVCClientBuffer@@U?$less@K@std@@V?$allocator@U?$pair@$$CBKPAVCClientBuffer@@@std@@@3@$0A@@std@@@std@@IAE?AU?$pair@V?$_Tree_iterator@V?$_Tree_val@U?$_Tree_simple_types@U?$pair@$$CBKPAVCClientBuffer@@@std@@@std@@@std@@@std@@_N@1@_NAAU?$pair@$$CBKPAVCClientBuffer@@@1@PAU?$_Tree_node@U?$pair@$$CBKPAVCClientBuffer@@@std@@PAX@1@@Z 10012434     ClientList.obj
 0002:00003444       __tryblocktable$??$_Insert_nohint@AAU?$pair@$$CBKPAVCClientBuffer@@@std@@PAU?$_Tree_node@U?$pair@$$CBKPAVCClientBuffer@@@std@@PAX@2@@?$_Tree@V?$_Tmap_traits@KPAVCClientBuffer@@U?$less@K@std@@V?$allocator@U?$pair@$$CBKPAVCClientBuffer@@@std@@@3@$0A@@std@@@std@@IAE?AU?$pair@V?$_Tree_iterator@V?$_Tree_val@U?$_Tree_simple_types@U?$pair@$$CBKPAVCClientBuffer@@@std@@@std@@@std@@@std@@_N@1@_NAAU?$pair@$$CBKPAVCClientBuffer@@@1@PAU?$_Tree_node@U?$pair@$$CBKPAVCClientBuffer@@@std@@PAX@1@@Z 10012444     ClientList.obj
 0002:00003458       __catchsym$??$_Insert_nohint@AAU?$pair@$$CBKPAVCClientBuffer@@@std@@PAU?$_Tree_node@U?$pair@$$CBKPAVCClientBuffer@@@std@@PAX@2@@?$_Tree@V?$_Tmap_traits@KPAVCClientBuffer@@U?$less@K@std@@V?$allocator@U?$pair@$$CBKPAVCClientBuffer@@@std@@@3@$0A@@std@@@std@@IAE?AU?$pair@V?$_Tree_iterator@V?$_Tree_val@U?$_Tree_simple_types@U?$pair@$$CBKPAVCClientBuffer@@@std@@@std@@@std@@@std@@_N@1@_NAAU?$pair@$$CBKPAVCClientBuffer@@@1@PAU?$_Tree_node@U?$pair@$$CBKPAVCClientBuffer@@@std@@PAX@1@@Z$2 10012458     ClientList.obj
 0002:00003468       __ehfuncinfo$??__Esg_HardwareList@@YAXXZ 10012468     DIL_CAN_IXXAT_VCI.obj
 0002:0000348c       __unwindtable$??__Esg_HardwareList@@YAXXZ 1001248c     DIL_CAN_IXXAT_VCI.obj
 0002:00003494       __ehfuncinfo$??__Esg_SelectedChannels@@YAXXZ 10012494     DIL_CAN_IXXAT_VCI.obj
 0002:000034b8       __unwindtable$??__Esg_SelectedChannels@@YAXXZ 100124b8     DIL_CAN_IXXAT_VCI.obj
 0002:000034c0       __ehfuncinfo$??_GCDIL_CAN_IXXAT_VCI@@UAEPAXI@Z 100124c0     DIL_CAN_IXXAT_VCI.obj
 0002:000034e4       __unwindtable$??_GCDIL_CAN_IXXAT_VCI@@UAEPAXI@Z 100124e4     DIL_CAN_IXXAT_VCI.obj
 0002:000034f4       __ehfuncinfo$?ListHardwareInterfaces@@YAHPAUHWND__@@PAVINTERFACE_HW@@PAHAAHPAVSCONTROLLER_DETAILS@@@Z 100124f4     DIL_CAN_IXXAT_VCI.obj
 0002:00003518       __unwindtable$?ListHardwareInterfaces@@YAHPAUHWND__@@PAVINTERFACE_HW@@PAHAAHPAVSCONTROLLER_DETAILS@@@Z 10012518     DIL_CAN_IXXAT_VCI.obj
 0002:00003538       __ehfuncinfo$?VciDeviceInfoAddToArray@CDIL_CAN_IXXAT_VCI@@IAEHHPAU_VCIDEVICEINFO@@AAY0BA@VINTERFACE_HW@@@Z 10012538     DIL_CAN_IXXAT_VCI.obj
 0002:0000355c       __unwindtable$?VciDeviceInfoAddToArray@CDIL_CAN_IXXAT_VCI@@IAEHHPAU_VCIDEVICEINFO@@AAY0BA@VINTERFACE_HW@@@Z 1001255c     DIL_CAN_IXXAT_VCI.obj
 0002:0000357c       __ehfuncinfo$??$?6U?$char_traits@D@std@@@std@@YAAAV?$basic_ostream@DU?$char_traits@D@std@@@0@AAV10@PBD@Z 1001257c     DIL_CAN_IXXAT_VCI.obj
 0002:000035a0       __unwindtable$??$?6U?$char_traits@D@std@@@std@@YAAAV?$basic_ostream@DU?$char_traits@D@std@@@0@AAV10@PBD@Z 100125a0     DIL_CAN_IXXAT_VCI.obj
 0002:000035d0       __tryblocktable$??$?6U?$char_traits@D@std@@@std@@YAAAV?$basic_ostream@DU?$char_traits@D@std@@@0@AAV10@PBD@Z 100125d0     DIL_CAN_IXXAT_VCI.obj
 0002:000035e4       __catchsym$??$?6U?$char_traits@D@std@@@std@@YAAAV?$basic_ostream@DU?$char_traits@D@std@@@0@AAV10@PBD@Z$6 100125e4     DIL_CAN_IXXAT_VCI.obj
 0002:000035f4       __ehfuncinfo$??__Esg_HardwareList@@YAXXZ 100125f4     IxxatCanChannel.obj
 0002:00003618       __unwindtable$??__Esg_HardwareList@@YAXXZ 10012618     IxxatCanChannel.obj
 0002:00003620       __ehfuncinfo$??__Esg_SelectedChannels@@YAXXZ 10012620     IxxatCanChannel.obj
 0002:00003644       __unwindtable$??__Esg_SelectedChannels@@YAXXZ 10012644     IxxatCanChannel.obj
 0002:0000364c       __ehfuncinfo$?LoadLangResourceDLL@CMultiLanguage@@SAPAUHINSTANCE__@@PBDG@Z 1001264c     MultiLanguage.obj
 0002:00003670       __unwindtable$?LoadLangResourceDLL@CMultiLanguage@@SAPAUHINSTANCE__@@PBDG@Z 10012670     MultiLanguage.obj
 0002:00003688       __unwindtable$?OnChar@CRadixEdit@@IAEXIII@Z 10012688     Utils:RadixEdit.obj
 0002:00003698       __ehfuncinfo$?OnChar@CRadixEdit@@IAEXIII@Z 10012698     Utils:RadixEdit.obj
 0002:000036bc       __unwindtable$?OnChange@CRadixEdit@@IAEXXZ 100126bc     Utils:RadixEdit.obj
 0002:000036c4       __ehfuncinfo$?OnChange@CRadixEdit@@IAEXXZ 100126c4     Utils:RadixEdit.obj
 0002:000036e8       __unwindtable$?AfxWndProcDllStatic@@YGJPAUHWND__@@IIJ@Z 100126e8     mfcs140:dllmodul.obj
 0002:000036f0       __ehfuncinfo$?AfxWndProcDllStatic@@YGJPAUHWND__@@IIJ@Z 100126f0     mfcs140:dllmodul.obj
 0002:00003714       __catchsym$_InternalDllMain@12$7 10012714     mfcs140:dllmodul.obj
 0002:00003724       __tryblocktable$_InternalDllMain@12 10012724     mfcs140:dllmodul.obj
 0002:00003738       __unwindtable$_InternalDllMain@12 10012738     mfcs140:dllmodul.obj
 0002:00003758       __ehfuncinfo$_InternalDllMain@12 10012758     mfcs140:dllmodul.obj
 0002:00003780       __sehtable$??_M@YGXPAXIIP6EX0@Z@Z 10012780     msvcrt:ehvecdtr.obj
 0002:000037a0       __sehtable$?__ArrayUnwind@@YGXPAXIIP6EX0@Z@Z 100127a0     msvcrt:ehvecdtr.obj
 0002:000037c0       __sehtable$___scrt_is_nonwritable_in_current_image 100127c0     msvcrt:utility.obj
 0002:000037e0       __sehtable$??_L@YGXPAXIIP6EX0@Z1@Z 100127e0     msvcrt:ehvecctr.obj
 0002:00003800       __sehtable$?dllmain_crt_process_attach@@YAHQAUHINSTANCE__@@QAX@Z 10012800     msvcrt:dll_dllmain.obj
 0002:00003820       __sehtable$?dllmain_crt_process_detach@@YAH_N@Z 10012820     msvcrt:dll_dllmain.obj
 0002:00003840       __sehtable$?dllmain_dispatch@@YAHQAUHINSTANCE__@@KQAX@Z 10012840     msvcrt:dll_dllmain.obj
 0002:00003860       __sehtable$__IsNonwritableInCurrentImage 10012860     mfcs140:rawdllmainproxy.obj
 0002:00003880       .edata                     10012880     CAN_IXXAT_VCI.exp
 0002:000038a8       rgpv                       100128a8     CAN_IXXAT_VCI.exp
 0002:000038ac       rgszName                   100128ac     CAN_IXXAT_VCI.exp
 0002:000038b0       rgwOrd                     100128b0     CAN_IXXAT_VCI.exp
 0002:000038b2       szName                     100128b2     CAN_IXXAT_VCI.exp
 0002:000038c4       $N00001                    100128c4     CAN_IXXAT_VCI.exp
 0002:00003f4c       .idata$6                   10012f4c     mfc140:mfc140.dll
 0002:00004262       .idata$6                   10013262     kernel32:KERNEL32.dll
 0002:000042b8       .idata$6                   100132b8     user32:USER32.dll
 0002:000042f6       .idata$6                   100132f6     advapi32:ADVAPI32.dll
 0002:00004314       .idata$6                   10013314     ole32:ole32.dll
 0002:00004916       .idata$6                   10013916     msvcprt:MSVCP140.dll
 0002:000049b0       .idata$6                   100139b0     vcruntime:VCRUNTIME140.dll
 0002:00004b70       .idata$6                   10013b70     ucrt:api-ms-win-crt-convert-l1-1-0.dll
 0002:00004b92       .idata$6                   10013b92     ucrt:api-ms-win-crt-heap-l1-1-0.dll
 0002:00004bb2       .idata$6                   10013bb2     ucrt:api-ms-win-crt-runtime-l1-1-0.dll
 0002:00004bd4       .idata$6                   10013bd4     ucrt:api-ms-win-crt-stdio-l1-1-0.dll
 0002:00004bf4       .idata$6                   10013bf4     ucrt:api-ms-win-crt-string-l1-1-0.dll
 0002:00004c16       .idata$6                   10013c16     ucrt:api-ms-win-crt-math-l1-1-0.dll
 0003:00000028       ?m_omDialType@@3QBV?$basic_string@DU?$char_traits@D@std@@V?$allocator@D@2@@std@@B 10014028     HardwareListingCAN.obj
 0003:00000570       ?g_hLibIntl@@3PAUHINSTANCE__@@A 10014570     Utils:MultiLanguageSupport.obj
 0003:00000574       ?g_pfGetText@@3P6APADPBD@ZA 10014574     Utils:MultiLanguageSupport.obj
 0003:00000578       ?g_pfTextDomain@@3P6APADPBD@ZA 10014578     Utils:MultiLanguageSupport.obj
 0003:0000057c       ?g_pfBindTextDomain@@3P6APADPBD0@ZA 1001457c     Utils:MultiLanguageSupport.obj
 0003:0000058c       ?controlDLL@@3UAFX_EXTENSION_MODULE@@A 1001458c     mfcs140:dllmodul.obj
 0003:000005a0       ?afxModuleState@@3V_AFX_DLL_MODULE_STATE@@A 100145a0     mfcs140:dllmodul.obj
 0003:0000063c       ?pafxModuleStatePrev@@3PAVAFX_MODULE_STATE@@A 1001463c     mfcs140:dllmodul.obj
 0003:00000644       ?_Tss_mutex@@3U_RTL_CRITICAL_SECTION@@A 10014644     msvcrt:thread_safe_statics.obj
 0003:0000065c       ?_Tss_cv@@3U_RTL_CONDITION_VARIABLE@@A 1001465c     msvcrt:thread_safe_statics.obj
 0003:00000660       ?_Tss_event@@3PAXA         10014660     msvcrt:thread_safe_statics.obj
 0003:00000664       ?encoded_sleep_condition_variable_cs@@3P6GHPAU_RTL_CONDITION_VARIABLE@@PAU_RTL_CRITICAL_SECTION@@K@ZA 10014664     msvcrt:thread_safe_statics.obj
 0003:00000668       ?encoded_wake_all_condition_variable@@3P6GXPAU_RTL_CONDITION_VARIABLE@@@ZA 10014668     msvcrt:thread_safe_statics.obj
 0003:00000674       ?is_initialized_as_dll@@3_NA 10014674     msvcrt:utility.obj
 0003:00000675       ?module_local_atexit_table_initialized@@3_NA 10014675     msvcrt:utility.obj
 0003:00000678       ?module_local_atexit_table@@3U_onexit_table_t@@A 10014678     msvcrt:utility.obj
 0003:00000684       ?module_local_at_quick_exit_table@@3U_onexit_table_t@@A 10014684     msvcrt:utility.obj
 0003:00000690       ?__proc_attached@@3HA      10014690     msvcrt:dll_dllmain.obj
 0003:00000698       _GS_ExceptionRecord        10014698     msvcrt:gs_report.obj
 0003:000006e8       _GS_ContextRecord          100146e8     msvcrt:gs_report.obj
 0003:00000af0       ?sg_HardwareList@@3VSELECTED_CHANNELS@@A 10014af0     HardwareListingCAN.obj
 0003:000014f4       ?ghLangInst@@3PAUHINSTANCE__@@A 100154f4     CAN_IXXAT_VCI.obj
 0003:000014f8       ?sg_SelectedChannels@@3VSELECTED_CHANNELS@@A 100154f8     HardwareListingCAN.obj
 0003:00001efc       ?g_pouDIL_CAN_IXXAT_VCI@@3PAVCDIL_CAN_IXXAT_VCI@@A 10015efc     CAN_IXXAT_VCI.obj
 0003:00001f00       ?sg_HardwareList@@3VSELECTED_CHANNELS@@A 10015f00     CAN_IXXAT_VCI.obj
 0003:00002904       ?g_dwInstanceCounter@@3KA  10016904     vcinpldynl.obj
 0003:000029d4       ?g_hInstVciNplLib@@3PAUHINSTANCE__@@A 100169d4     vcinpldynl.obj
 0003:000029d8       ?sg_SelectedChannels@@3VSELECTED_CHANNELS@@A 100169d8     CAN_IXXAT_VCI.obj
 0003:000033e0       ?sg_HardwareList@@3VSELECTED_CHANNELS@@A 100173e0     CANControllerConfigDlg.obj
 0003:00003de8       ?sg_SelectedChannels@@3VSELECTED_CHANNELS@@A 10017de8     CANControllerConfigDlg.obj
 0003:000047f0       ?sg_HardwareList@@3VSELECTED_CHANNELS@@A 100187f0     ClientBuffer.obj
 0003:000051f8       ?sg_SelectedChannels@@3VSELECTED_CHANNELS@@A 100191f8     ClientBuffer.obj
 0003:00005c00       ?sg_HardwareList@@3VSELECTED_CHANNELS@@A 10019c00     ClientList.obj
 0003:00006608       ?sg_SelectedChannels@@3VSELECTED_CHANNELS@@A 1001a608     ClientList.obj
 0003:00007010       ?sg_HardwareList@@3VSELECTED_CHANNELS@@A 1001b010     DIL_CAN_IXXAT_VCI.obj
 0003:00007a18       ?sg_SelectedChannels@@3VSELECTED_CHANNELS@@A 1001ba18     DIL_CAN_IXXAT_VCI.obj
 0003:00008420       ?sg_HardwareList@@3VSELECTED_CHANNELS@@A 1001c420     IxxatCanChannel.obj
 0003:00008e28       ?sg_SelectedChannels@@3VSELECTED_CHANNELS@@A 1001ce28     IxxatCanChannel.obj
 0004:00000190       $R000000                   1001e190     CAN_IXXAT_VCI.res
 0004:00000850       $R0006C0                   1001e850     CAN_IXXAT_VCI.res
 0004:00000bb0       $R000A20                   1001ebb0     CAN_IXXAT_VCI.res
 0004:00000ea0       $R000D10                   1001eea0     CAN_IXXAT_VCI.res
 0004:00000f70       $R000DE0                   1001ef70     CAN_IXXAT_VCI.res
 0004:00001130       $R000FA0                   1001f130     CAN_IXXAT_VCI.res
